Archive member included to satisfy reference by file (symbol)

c:/st/stm32cubeide_1.3.0/stm32cubeide/plugins/com.st.stm32cube.ide.mcu.externaltools.gnu-tools-for-stm32.7-2018-q2-update.win32_1.0.0.201904181610/tools/bin/../lib/gcc/arm-none-eabi/7.3.1/../../../../arm-none-eabi/lib/thumb/v8-m.main/fpv5-sp/hard\libc_nano.a(lib_a-errno.o)
                              Core/Src/syscalls.o (__errno)
c:/st/stm32cubeide_1.3.0/stm32cubeide/plugins/com.st.stm32cube.ide.mcu.externaltools.gnu-tools-for-stm32.7-2018-q2-update.win32_1.0.0.201904181610/tools/bin/../lib/gcc/arm-none-eabi/7.3.1/../../../../arm-none-eabi/lib/thumb/v8-m.main/fpv5-sp/hard\libc_nano.a(lib_a-exit.o)
                              c:/st/stm32cubeide_1.3.0/stm32cubeide/plugins/com.st.stm32cube.ide.mcu.externaltools.gnu-tools-for-stm32.7-2018-q2-update.win32_1.0.0.201904181610/tools/bin/../lib/gcc/arm-none-eabi/7.3.1/../../../../arm-none-eabi/lib/thumb/v8-m.main/fpv5-sp/hard/crt0.o (exit)
c:/st/stm32cubeide_1.3.0/stm32cubeide/plugins/com.st.stm32cube.ide.mcu.externaltools.gnu-tools-for-stm32.7-2018-q2-update.win32_1.0.0.201904181610/tools/bin/../lib/gcc/arm-none-eabi/7.3.1/../../../../arm-none-eabi/lib/thumb/v8-m.main/fpv5-sp/hard\libc_nano.a(lib_a-impure.o)
                              c:/st/stm32cubeide_1.3.0/stm32cubeide/plugins/com.st.stm32cube.ide.mcu.externaltools.gnu-tools-for-stm32.7-2018-q2-update.win32_1.0.0.201904181610/tools/bin/../lib/gcc/arm-none-eabi/7.3.1/../../../../arm-none-eabi/lib/thumb/v8-m.main/fpv5-sp/hard\libc_nano.a(lib_a-exit.o) (_global_impure_ptr)
c:/st/stm32cubeide_1.3.0/stm32cubeide/plugins/com.st.stm32cube.ide.mcu.externaltools.gnu-tools-for-stm32.7-2018-q2-update.win32_1.0.0.201904181610/tools/bin/../lib/gcc/arm-none-eabi/7.3.1/../../../../arm-none-eabi/lib/thumb/v8-m.main/fpv5-sp/hard\libc_nano.a(lib_a-init.o)
                              c:/st/stm32cubeide_1.3.0/stm32cubeide/plugins/com.st.stm32cube.ide.mcu.externaltools.gnu-tools-for-stm32.7-2018-q2-update.win32_1.0.0.201904181610/tools/bin/../lib/gcc/arm-none-eabi/7.3.1/../../../../arm-none-eabi/lib/thumb/v8-m.main/fpv5-sp/hard/crt0.o (__libc_init_array)
c:/st/stm32cubeide_1.3.0/stm32cubeide/plugins/com.st.stm32cube.ide.mcu.externaltools.gnu-tools-for-stm32.7-2018-q2-update.win32_1.0.0.201904181610/tools/bin/../lib/gcc/arm-none-eabi/7.3.1/../../../../arm-none-eabi/lib/thumb/v8-m.main/fpv5-sp/hard\libc_nano.a(lib_a-memcpy-stub.o)
                              Middlewares/ST/BlueNRG-MS/hci/controller/bluenrg_gap_aci.o (memcpy)
c:/st/stm32cubeide_1.3.0/stm32cubeide/plugins/com.st.stm32cube.ide.mcu.externaltools.gnu-tools-for-stm32.7-2018-q2-update.win32_1.0.0.201904181610/tools/bin/../lib/gcc/arm-none-eabi/7.3.1/../../../../arm-none-eabi/lib/thumb/v8-m.main/fpv5-sp/hard\libc_nano.a(lib_a-memset.o)
                              c:/st/stm32cubeide_1.3.0/stm32cubeide/plugins/com.st.stm32cube.ide.mcu.externaltools.gnu-tools-for-stm32.7-2018-q2-update.win32_1.0.0.201904181610/tools/bin/../lib/gcc/arm-none-eabi/7.3.1/../../../../arm-none-eabi/lib/thumb/v8-m.main/fpv5-sp/hard/crt0.o (memset)
c:/st/stm32cubeide_1.3.0/stm32cubeide/plugins/com.st.stm32cube.ide.mcu.externaltools.gnu-tools-for-stm32.7-2018-q2-update.win32_1.0.0.201904181610/tools/bin/../lib/gcc/arm-none-eabi/7.3.1/../../../../arm-none-eabi/lib/thumb/v8-m.main/fpv5-sp/hard\libc_nano.a(lib_a-rand.o)
                              BlueNRG_MS/App/app_bluenrg_ms.o (srand)
c:/st/stm32cubeide_1.3.0/stm32cubeide/plugins/com.st.stm32cube.ide.mcu.externaltools.gnu-tools-for-stm32.7-2018-q2-update.win32_1.0.0.201904181610/tools/bin/../lib/gcc/arm-none-eabi/7.3.1/../../../../arm-none-eabi/lib/thumb/v8-m.main/fpv5-sp/hard\libc_nano.a(lib_a-strlen.o)
                              BlueNRG_MS/App/app_bluenrg_ms.o (strlen)
c:/st/stm32cubeide_1.3.0/stm32cubeide/plugins/com.st.stm32cube.ide.mcu.externaltools.gnu-tools-for-stm32.7-2018-q2-update.win32_1.0.0.201904181610/tools/bin/../lib/gcc/arm-none-eabi/7.3.1/../../../../arm-none-eabi/lib/thumb/v8-m.main/fpv5-sp/hard\libc_nano.a(lib_a-malloc.o)
                              c:/st/stm32cubeide_1.3.0/stm32cubeide/plugins/com.st.stm32cube.ide.mcu.externaltools.gnu-tools-for-stm32.7-2018-q2-update.win32_1.0.0.201904181610/tools/bin/../lib/gcc/arm-none-eabi/7.3.1/../../../../arm-none-eabi/lib/thumb/v8-m.main/fpv5-sp/hard\libc_nano.a(lib_a-rand.o) (malloc)
c:/st/stm32cubeide_1.3.0/stm32cubeide/plugins/com.st.stm32cube.ide.mcu.externaltools.gnu-tools-for-stm32.7-2018-q2-update.win32_1.0.0.201904181610/tools/bin/../lib/gcc/arm-none-eabi/7.3.1/../../../../arm-none-eabi/lib/thumb/v8-m.main/fpv5-sp/hard\libc_nano.a(lib_a-nano-freer.o)
                              c:/st/stm32cubeide_1.3.0/stm32cubeide/plugins/com.st.stm32cube.ide.mcu.externaltools.gnu-tools-for-stm32.7-2018-q2-update.win32_1.0.0.201904181610/tools/bin/../lib/gcc/arm-none-eabi/7.3.1/../../../../arm-none-eabi/lib/thumb/v8-m.main/fpv5-sp/hard\libc_nano.a(lib_a-malloc.o) (_free_r)
[...]
Memory Configuration

Name             Origin             Length             Attributes
RAM              0x0000000020000000 0x0000000000030000 xrw
FLASH            0x0000000008000000 0x0000000000080000 xr
*default*        0x0000000000000000 0xffffffffffffffff

Linker script and memory map

LOAD c:/st/stm32cubeide_1.3.0/stm32cubeide/plugins/com.st.stm32cube.ide.mcu.externaltools.gnu-tools-for-stm32.7-2018-q2-update.win32_1.0.0.201904181610/tools/bin/../lib/gcc/arm-none-eabi/7.3.1/thumb/v8-m.main/fpv5-sp/hard/crti.o
LOAD c:/st/stm32cubeide_1.3.0/stm32cubeide/plugins/com.st.stm32cube.ide.mcu.externaltools.gnu-tools-for-stm32.7-2018-q2-update.win32_1.0.0.201904181610/tools/bin/../lib/gcc/arm-none-eabi/7.3.1/thumb/v8-m.main/fpv5-sp/hard/crtbegin.o
LOAD c:/st/stm32cubeide_1.3.0/stm32cubeide/plugins/com.st.stm32cube.ide.mcu.externaltools.gnu-tools-for-stm32.7-2018-q2-update.win32_1.0.0.201904181610/tools/bin/../lib/gcc/arm-none-eabi/7.3.1/../../../../arm-none-eabi/lib/thumb/v8-m.main/fpv5-sp/hard/crt0.o
LOAD BlueNRG_MS/App/app_bluenrg_ms.o
LOAD BlueNRG_MS/App/gatt_db.o
LOAD BlueNRG_MS/App/sensor.o
LOAD BlueNRG_MS/Target/hci_tl_interface.o
LOAD Core/Src/main.o
LOAD Core/Src/stm32l5xx_hal_msp.o
LOAD Core/Src/stm32l5xx_it.o
LOAD Core/Src/stm32l5xx_nucleo_bus.o
LOAD Core/Src/syscalls.o
LOAD Core/Src/sysmem.o
LOAD Core/Src/system_stm32l5xx.o
LOAD Core/Startup/startup_stm32l552zetxq.o
LOAD Drivers/BSP/STM32L5xx_Nucleo/stm32l5xx_nucleo.o
LOAD Drivers/STM32L5xx_HAL_Driver/Src/stm32l5xx_hal.o
LOAD Drivers/STM32L5xx_HAL_Driver/Src/stm32l5xx_hal_adc.o
LOAD Drivers/STM32L5xx_HAL_Driver/Src/stm32l5xx_hal_adc_ex.o
LOAD Drivers/STM32L5xx_HAL_Driver/Src/stm32l5xx_hal_cortex.o
LOAD Drivers/STM32L5xx_HAL_Driver/Src/stm32l5xx_hal_dma.o
LOAD Drivers/STM32L5xx_HAL_Driver/Src/stm32l5xx_hal_dma_ex.o
LOAD Drivers/STM32L5xx_HAL_Driver/Src/stm32l5xx_hal_exti.o
LOAD Drivers/STM32L5xx_HAL_Driver/Src/stm32l5xx_hal_flash.o
LOAD Drivers/STM32L5xx_HAL_Driver/Src/stm32l5xx_hal_flash_ex.o
LOAD Drivers/STM32L5xx_HAL_Driver/Src/stm32l5xx_hal_flash_ramfunc.o
LOAD Drivers/STM32L5xx_HAL_Driver/Src/stm32l5xx_hal_gpio.o
LOAD Drivers/STM32L5xx_HAL_Driver/Src/stm32l5xx_hal_i2c.o
LOAD Drivers/STM32L5xx_HAL_Driver/Src/stm32l5xx_hal_i2c_ex.o
LOAD Drivers/STM32L5xx_HAL_Driver/Src/stm32l5xx_hal_icache.o
LOAD Drivers/STM32L5xx_HAL_Driver/Src/stm32l5xx_hal_pcd.o
LOAD Drivers/STM32L5xx_HAL_Driver/Src/stm32l5xx_hal_pcd_ex.o
LOAD Drivers/STM32L5xx_HAL_Driver/Src/stm32l5xx_hal_pwr.o
LOAD Drivers/STM32L5xx_HAL_Driver/Src/stm32l5xx_hal_pwr_ex.o
LOAD Drivers/STM32L5xx_HAL_Driver/Src/stm32l5xx_hal_rcc.o
LOAD Drivers/STM32L5xx_HAL_Driver/Src/stm32l5xx_hal_rcc_ex.o
LOAD Drivers/STM32L5xx_HAL_Driver/Src/stm32l5xx_hal_rtc.o
LOAD Drivers/STM32L5xx_HAL_Driver/Src/stm32l5xx_hal_rtc_ex.o
LOAD Drivers/STM32L5xx_HAL_Driver/Src/stm32l5xx_hal_spi.o
LOAD Drivers/STM32L5xx_HAL_Driver/Src/stm32l5xx_hal_spi_ex.o
LOAD Drivers/STM32L5xx_HAL_Driver/Src/stm32l5xx_hal_tim.o
LOAD Drivers/STM32L5xx_HAL_Driver/Src/stm32l5xx_hal_tim_ex.o
LOAD Drivers/STM32L5xx_HAL_Driver/Src/stm32l5xx_hal_uart.o
LOAD Drivers/STM32L5xx_HAL_Driver/Src/stm32l5xx_hal_uart_ex.o
LOAD Drivers/STM32L5xx_HAL_Driver/Src/stm32l5xx_ll_dma.o
LOAD Drivers/STM32L5xx_HAL_Driver/Src/stm32l5xx_ll_exti.o
LOAD Drivers/STM32L5xx_HAL_Driver/Src/stm32l5xx_ll_gpio.o
LOAD Drivers/STM32L5xx_HAL_Driver/Src/stm32l5xx_ll_ucpd.o
LOAD Drivers/STM32L5xx_HAL_Driver/Src/stm32l5xx_ll_usb.o
LOAD Drivers/STM32L5xx_HAL_Driver/Src/stm32l5xx_ll_utils.o
LOAD Middlewares/ST/BlueNRG-MS/hci/controller/bluenrg_gap_aci.o
LOAD Middlewares/ST/BlueNRG-MS/hci/controller/bluenrg_gatt_aci.o
LOAD Middlewares/ST/BlueNRG-MS/hci/controller/bluenrg_hal_aci.o
LOAD Middlewares/ST/BlueNRG-MS/hci/controller/bluenrg_l2cap_aci.o
LOAD Middlewares/ST/BlueNRG-MS/hci/controller/bluenrg_updater_aci.o
LOAD Middlewares/ST/BlueNRG-MS/hci/controller/bluenrg_utils_small.o
LOAD Middlewares/ST/BlueNRG-MS/hci/hci_le.o
LOAD Middlewares/ST/BlueNRG-MS/hci/hci_tl_patterns/Basic/hci_tl.o
LOAD Middlewares/ST/BlueNRG-MS/utils/ble_list.o
START GROUP
LOAD c:/st/stm32cubeide_1.3.0/stm32cubeide/plugins/com.st.stm32cube.ide.mcu.externaltools.gnu-tools-for-stm32.7-2018-q2-update.win32_1.0.0.201904181610/tools/bin/../lib/gcc/arm-none-eabi/7.3.1/../../../../arm-none-eabi/lib/thumb/v8-m.main/fpv5-sp/hard\libc_nano.a
LOAD c:/st/stm32cubeide_1.3.0/stm32cubeide/plugins/com.st.stm32cube.ide.mcu.externaltools.gnu-tools-for-stm32.7-2018-q2-update.win32_1.0.0.201904181610/tools/bin/../lib/gcc/arm-none-eabi/7.3.1/../../../../arm-none-eabi/lib/thumb/v8-m.main/fpv5-sp/hard\libm.a
END GROUP
START GROUP
LOAD c:/st/stm32cubeide_1.3.0/stm32cubeide/plugins/com.st.stm32cube.ide.mcu.externaltools.gnu-tools-for-stm32.7-2018-q2-update.win32_1.0.0.201904181610/tools/bin/../lib/gcc/arm-none-eabi/7.3.1/thumb/v8-m.main/fpv5-sp/hard\libgcc.a
LOAD c:/st/stm32cubeide_1.3.0/stm32cubeide/plugins/com.st.stm32cube.ide.mcu.externaltools.gnu-tools-for-stm32.7-2018-q2-update.win32_1.0.0.201904181610/tools/bin/../lib/gcc/arm-none-eabi/7.3.1/../../../../arm-none-eabi/lib/thumb/v8-m.main/fpv5-sp/hard\libc_nano.a
END GROUP
START GROUP
LOAD c:/st/stm32cubeide_1.3.0/stm32cubeide/plugins/com.st.stm32cube.ide.mcu.externaltools.gnu-tools-for-stm32.7-2018-q2-update.win32_1.0.0.201904181610/tools/bin/../lib/gcc/arm-none-eabi/7.3.1/thumb/v8-m.main/fpv5-sp/hard\libgcc.a
LOAD c:/st/stm32cubeide_1.3.0/stm32cubeide/plugins/com.st.stm32cube.ide.mcu.externaltools.gnu-tools-for-stm32.7-2018-q2-update.win32_1.0.0.201904181610/tools/bin/../lib/gcc/arm-none-eabi/7.3.1/../../../../arm-none-eabi/lib/thumb/v8-m.main/fpv5-sp/hard\libc_nano.a
LOAD c:/st/stm32cubeide_1.3.0/stm32cubeide/plugins/com.st.stm32cube.ide.mcu.externaltools.gnu-tools-for-stm32.7-2018-q2-update.win32_1.0.0.201904181610/tools/bin/../lib/gcc/arm-none-eabi/7.3.1/../../../../arm-none-eabi/lib/thumb/v8-m.main/fpv5-sp/hard\libnosys.a
END GROUP
START GROUP
LOAD c:/st/stm32cubeide_1.3.0/stm32cubeide/plugins/com.st.stm32cube.ide.mcu.externaltools.gnu-tools-for-stm32.7-2018-q2-update.win32_1.0.0.201904181610/tools/bin/../lib/gcc/arm-none-eabi/7.3.1/thumb/v8-m.main/fpv5-sp/hard\libgcc.a
LOAD c:/st/stm32cubeide_1.3.0/stm32cubeide/plugins/com.st.stm32cube.ide.mcu.externaltools.gnu-tools-for-stm32.7-2018-q2-update.win32_1.0.0.201904181610/tools/bin/../lib/gcc/arm-none-eabi/7.3.1/../../../../arm-none-eabi/lib/thumb/v8-m.main/fpv5-sp/hard\libc_nano.a
LOAD c:/st/stm32cubeide_1.3.0/stm32cubeide/plugins/com.st.stm32cube.ide.mcu.externaltools.gnu-tools-for-stm32.7-2018-q2-update.win32_1.0.0.201904181610/tools/bin/../lib/gcc/arm-none-eabi/7.3.1/../../../../arm-none-eabi/lib/thumb/v8-m.main/fpv5-sp/hard\libnosys.a
END GROUP
LOAD c:/st/stm32cubeide_1.3.0/stm32cubeide/plugins/com.st.stm32cube.ide.mcu.externaltools.gnu-tools-for-stm32.7-2018-q2-update.win32_1.0.0.201904181610/tools/bin/../lib/gcc/arm-none-eabi/7.3.1/thumb/v8-m.main/fpv5-sp/hard/crtend.o
LOAD c:/st/stm32cubeide_1.3.0/stm32cubeide/plugins/com.st.stm32cube.ide.mcu.externaltools.gnu-tools-for-stm32.7-2018-q2-update.win32_1.0.0.201904181610/tools/bin/../lib/gcc/arm-none-eabi/7.3.1/thumb/v8-m.main/fpv5-sp/hard/crtn.o
                0x0000000020030000                _estack = (ORIGIN (RAM) + LENGTH (RAM))
                0x0000000000000200                _Min_Heap_Size = 0x200
                0x0000000000000400                _Min_Stack_Size = 0x400

.isr_vector     0x0000000008000000      0x1f4
                0x0000000008000000                . = ALIGN (0x4)
 *(.isr_vector)
 .isr_vector    0x0000000008000000      0x1f4 Core/Startup/startup_stm32l552zetxq.o
                0x0000000008000000                g_pfnVectors
                0x00000000080001f4                . = ALIGN (0x4)

.text           0x00000000080001f4     0x97ec
                0x00000000080001f4                . = ALIGN (0x4)
 *(.text)
 .text          0x00000000080001f4       0x40 c:/st/stm32cubeide_1.3.0/stm32cubeide/plugins/com.st.stm32cube.ide.mcu.externaltools.gnu-tools-for-stm32.7-2018-q2-update.win32_1.0.0.201904181610/tools/bin/../lib/gcc/arm-none-eabi/7.3.1/thumb/v8-m.main/fpv5-sp/hard/crtbegin.o
 .text          0x0000000008000234       0x10 c:/st/stm32cubeide_1.3.0/stm32cubeide/plugins/com.st.stm32cube.ide.mcu.externaltools.gnu-tools-for-stm32.7-2018-q2-update.win32_1.0.0.201904181610/tools/bin/../lib/gcc/arm-none-eabi/7.3.1/../../../../arm-none-eabi/lib/thumb/v8-m.main/fpv5-sp/hard\libc_nano.a(lib_a-strlen.o)
                0x0000000008000234                strlen
 .text          0x0000000008000244      0x378 c:/st/stm32cubeide_1.3.0/stm32cubeide/plugins/com.st.stm32cube.ide.mcu.externaltools.gnu-tools-for-stm32.7-2018-q2-update.win32_1.0.0.201904181610/tools/bin/../lib/gcc/arm-none-eabi/7.3.1/thumb/v8-m.main/fpv5-sp/hard\libgcc.a(_arm_addsubdf3.o)
                0x0000000008000244                __aeabi_drsub
                0x000000000800024c                __aeabi_dsub
                0x000000000800024c                __subdf3
                0x0000000008000250                __aeabi_dadd
                0x0000000008000250                __adddf3
                0x00000000080004c8                __floatunsidf
                0x00000000080004c8                __aeabi_ui2d
                0x00000000080004e8                __floatsidf
                0x00000000080004e8                __aeabi_i2d
                0x000000000800050c                __aeabi_f2d
                0x000000000800050c                __extendsfdf2
                0x0000000008000550                __floatundidf
                0x0000000008000550                __aeabi_ul2d
                0x0000000008000560                __floatdidf
                0x0000000008000560                __aeabi_l2d
 .text          0x00000000080005bc       0xa0 c:/st/stm32cubeide_1.3.0/stm32cubeide/plugins/com.st.stm32cube.ide.mcu.externaltools.gnu-tools-for-stm32.7-2018-q2-update.win32_1.0.0.201904181610/tools/bin/../lib/gcc/arm-none-eabi/7.3.1/thumb/v8-m.main/fpv5-sp/hard\libgcc.a(_arm_truncdfsf2.o)
                0x00000000080005bc                __truncdfsf2
                0x00000000080005bc                __aeabi_d2f
 .text          0x000000000800065c       0x30 c:/st/stm32cubeide_1.3.0/stm32cubeide/plugins/com.st.stm32cube.ide.mcu.externaltools.gnu-tools-for-stm32.7-2018-q2-update.win32_1.0.0.201904181610/tools/bin/../lib/gcc/arm-none-eabi/7.3.1/thumb/v8-m.main/fpv5-sp/hard\libgcc.a(_aeabi_uldivmod.o)
                0x000000000800065c                __aeabi_uldivmod
 .text          0x000000000800068c      0x2e0 c:/st/stm32cubeide_1.3.0/stm32cubeide/plugins/com.st.stm32cube.ide.mcu.externaltools.gnu-tools-for-stm32.7-2018-q2-update.win32_1.0.0.201904181610/tools/bin/../lib/gcc/arm-none-eabi/7.3.1/thumb/v8-m.main/fpv5-sp/hard\libgcc.a(_udivmoddi4.o)
                0x000000000800068c                __udivmoddi4
 .text          0x000000000800096c        0x4 c:/st/stm32cubeide_1.3.0/stm32cubeide/plugins/com.st.stm32cube.ide.mcu.externaltools.gnu-tools-for-stm32.7-2018-q2-update.win32_1.0.0.201904181610/tools/bin/../lib/gcc/arm-none-eabi/7.3.1/thumb/v8-m.main/fpv5-sp/hard\libgcc.a(_dvmd_tls.o)
                0x000000000800096c                __aeabi_idiv0
                0x000000000800096c                __aeabi_ldiv0
 *(.text*)
 .text.MX_BlueNRG_MS_Init
                0x0000000008000970      0x150 BlueNRG_MS/App/app_bluenrg_ms.o
                0x0000000008000970                MX_BlueNRG_MS_Init
 .text.MX_BlueNRG_MS_Process
                0x0000000008000ac0       0x10 BlueNRG_MS/App/app_bluenrg_ms.o
                0x0000000008000ac0                MX_BlueNRG_MS_Process
 .text.User_Init
                0x0000000008000ad0       0x1c BlueNRG_MS/App/app_bluenrg_ms.o
 .text.User_Process
                0x0000000008000aec       0xd8 BlueNRG_MS/App/app_bluenrg_ms.o
 .text.Set_Random_Environmental_Values
                0x0000000008000bc4       0xf4 BlueNRG_MS/App/app_bluenrg_ms.o
 .text.Set_Random_Motion_Values
                0x0000000008000cb8      0xa3c BlueNRG_MS/App/app_bluenrg_ms.o
 .text.Reset_Motion_Values
                0x00000000080016f4      0x1d4 BlueNRG_MS/App/app_bluenrg_ms.o
 .text.BSP_PB_Callback
                0x00000000080018c8       0x20 BlueNRG_MS/App/app_bluenrg_ms.o
                0x00000000080018c8                BSP_PB_Callback
 .text.Add_HWServW2ST_Service
                0x00000000080018e8      0x1b0 BlueNRG_MS/App/gatt_db.o
                0x00000000080018e8                Add_HWServW2ST_Service
 .text.Add_SWServW2ST_Service
                0x0000000008001a98      0x128 BlueNRG_MS/App/gatt_db.o
                0x0000000008001a98                Add_SWServW2ST_Service
 .text.Acc_Update
                0x0000000008001bc0      0x114 BlueNRG_MS/App/gatt_db.o
                0x0000000008001bc0                Acc_Update
 .text.Quat_Update
                0x0000000008001cd4       0x8c BlueNRG_MS/App/gatt_db.o
                0x0000000008001cd4                Quat_Update
 .text.Read_Request_CB
                0x0000000008001d60      0x180 BlueNRG_MS/App/gatt_db.o
                0x0000000008001d60                Read_Request_CB
 .text.BlueMS_Environmental_Update
                0x0000000008001ee0       0x8c BlueNRG_MS/App/gatt_db.o
                0x0000000008001ee0                BlueMS_Environmental_Update
 .text.Set_DeviceConnectable
                0x0000000008001f6c       0xe8 BlueNRG_MS/App/sensor.o
                0x0000000008001f6c                Set_DeviceConnectable
 .text.user_notify
                0x0000000008002054       0x96 BlueNRG_MS/App/sensor.o
                0x0000000008002054                user_notify
 *fill*         0x00000000080020ea        0x2 
 .text.GAP_DisconnectionComplete_CB
                0x00000000080020ec       0x2c BlueNRG_MS/App/sensor.o
                0x00000000080020ec                GAP_DisconnectionComplete_CB
 .text.GAP_ConnectionComplete_CB
                0x0000000008002118       0x40 BlueNRG_MS/App/sensor.o
                0x0000000008002118                GAP_ConnectionComplete_CB
 .text.HCI_TL_SPI_Init
                0x0000000008002158       0x90 BlueNRG_MS/Target/hci_tl_interface.o
                0x0000000008002158                HCI_TL_SPI_Init
 .text.HCI_TL_SPI_DeInit
                0x00000000080021e8       0x2c BlueNRG_MS/Target/hci_tl_interface.o
                0x00000000080021e8                HCI_TL_SPI_DeInit
 .text.HCI_TL_SPI_Reset
                0x0000000008002214       0x40 BlueNRG_MS/Target/hci_tl_interface.o
                0x0000000008002214                HCI_TL_SPI_Reset
 .text.HCI_TL_SPI_Receive
                0x0000000008002254       0xb4 BlueNRG_MS/Target/hci_tl_interface.o
                0x0000000008002254                HCI_TL_SPI_Receive
 .text.HCI_TL_SPI_Send
                0x0000000008002308       0xa8 BlueNRG_MS/Target/hci_tl_interface.o
                0x0000000008002308                HCI_TL_SPI_Send
 .text.IsDataAvailable
                0x00000000080023b0       0x20 BlueNRG_MS/Target/hci_tl_interface.o
 .text.hci_tl_lowlevel_init
                0x00000000080023d0       0x74 BlueNRG_MS/Target/hci_tl_interface.o
                0x00000000080023d0                hci_tl_lowlevel_init
 .text.hci_tl_lowlevel_isr
                0x0000000008002444       0x22 BlueNRG_MS/Target/hci_tl_interface.o
                0x0000000008002444                hci_tl_lowlevel_isr
 *fill*         0x0000000008002466        0x2 
 .text.LL_AHB2_GRP1_EnableClock
                0x0000000008002468       0x30 Core/Src/main.o
 .text.LL_APB1_GRP2_EnableClock
                0x0000000008002498       0x30 Core/Src/main.o
 .text.main     0x00000000080024c8       0x2e Core/Src/main.o
                0x00000000080024c8                main
 *fill*         0x00000000080024f6        0x2 
 .text.SystemClock_Config
                0x00000000080024f8       0xc4 Core/Src/main.o
                0x00000000080024f8                SystemClock_Config
 .text.MX_ADC1_Init
                0x00000000080025bc       0xec Core/Src/main.o
 .text.MX_LPUART1_UART_Init
                0x00000000080026a8       0x9c Core/Src/main.o
 .text.MX_RTC_Init
                0x0000000008002744       0x94 Core/Src/main.o
 .text.MX_UCPD1_Init
                0x00000000080027d8       0x6c Core/Src/main.o
 .text.MX_USB_PCD_Init
                0x0000000008002844       0x50 Core/Src/main.o
 .text.MX_GPIO_Init
                0x0000000008002894      0x1d4 Core/Src/main.o
 .text.Error_Handler
                0x0000000008002a68        0x8 Core/Src/main.o
                0x0000000008002a68                Error_Handler
 .text.HAL_MspInit
                0x0000000008002a70       0x48 Core/Src/stm32l5xx_hal_msp.o
                0x0000000008002a70                HAL_MspInit
 .text.HAL_ADC_MspInit
                0x0000000008002ab8       0xb4 Core/Src/stm32l5xx_hal_msp.o
                0x0000000008002ab8                HAL_ADC_MspInit
 .text.HAL_UART_MspInit
                0x0000000008002b6c       0xc0 Core/Src/stm32l5xx_hal_msp.o
                0x0000000008002b6c                HAL_UART_MspInit
 .text.HAL_RTC_MspInit
                0x0000000008002c2c       0x7c Core/Src/stm32l5xx_hal_msp.o
                0x0000000008002c2c                HAL_RTC_MspInit
 .text.HAL_PCD_MspInit
                0x0000000008002ca8       0xc0 Core/Src/stm32l5xx_hal_msp.o
                0x0000000008002ca8                HAL_PCD_MspInit
 .text.NMI_Handler
                0x0000000008002d68        0x6 Core/Src/stm32l5xx_it.o
                0x0000000008002d68                NMI_Handler
 .text.HardFault_Handler
                0x0000000008002d6e        0x6 Core/Src/stm32l5xx_it.o
                0x0000000008002d6e                HardFault_Handler
 .text.MemManage_Handler
                0x0000000008002d74        0x6 Core/Src/stm32l5xx_it.o
                0x0000000008002d74                MemManage_Handler
 .text.BusFault_Handler
                0x0000000008002d7a        0x6 Core/Src/stm32l5xx_it.o
                0x0000000008002d7a                BusFault_Handler
 .text.UsageFault_Handler
                0x0000000008002d80        0x6 Core/Src/stm32l5xx_it.o
                0x0000000008002d80                UsageFault_Handler
 .text.SVC_Handler
                0x0000000008002d86        0xe Core/Src/stm32l5xx_it.o
                0x0000000008002d86                SVC_Handler
 .text.DebugMon_Handler
                0x0000000008002d94        0xe Core/Src/stm32l5xx_it.o
                0x0000000008002d94                DebugMon_Handler
 .text.PendSV_Handler
                0x0000000008002da2        0xe Core/Src/stm32l5xx_it.o
                0x0000000008002da2                PendSV_Handler
 .text.SysTick_Handler
                0x0000000008002db0        0xc Core/Src/stm32l5xx_it.o
                0x0000000008002db0                SysTick_Handler
 .text.EXTI3_IRQHandler
                0x0000000008002dbc       0x14 Core/Src/stm32l5xx_it.o
                0x0000000008002dbc                EXTI3_IRQHandler
 .text.EXTI13_IRQHandler
                0x0000000008002dd0       0x14 Core/Src/stm32l5xx_it.o
                0x0000000008002dd0                EXTI13_IRQHandler
 .text.BSP_SPI1_Init
                0x0000000008002de4       0x60 Core/Src/stm32l5xx_nucleo_bus.o
                0x0000000008002de4                BSP_SPI1_Init
 .text.BSP_SPI1_SendRecv
                0x0000000008002e44       0x40 Core/Src/stm32l5xx_nucleo_bus.o
                0x0000000008002e44                BSP_SPI1_SendRecv
 .text.BSP_GetTick
                0x0000000008002e84        0xe Core/Src/stm32l5xx_nucleo_bus.o
                0x0000000008002e84                BSP_GetTick
 *fill*         0x0000000008002e92        0x2 
 .text.MX_SPI1_Init
                0x0000000008002e94       0x84 Core/Src/stm32l5xx_nucleo_bus.o
                0x0000000008002e94                MX_SPI1_Init
 .text.SPI1_MspInit
                0x0000000008002f18       0xc8 Core/Src/stm32l5xx_nucleo_bus.o
 .text._sbrk    0x0000000008002fe0       0x6c Core/Src/sysmem.o
                0x0000000008002fe0                _sbrk
 .text.SystemInit
                0x000000000800304c       0x24 Core/Src/system_stm32l5xx.o
                0x000000000800304c                SystemInit
 .text.SystemCoreClockUpdate
                0x0000000008003070      0x15c Core/Src/system_stm32l5xx.o
                0x0000000008003070                SystemCoreClockUpdate
 .text.Reset_Handler
                0x00000000080031cc       0x50 Core/Startup/startup_stm32l552zetxq.o
                0x00000000080031cc                Reset_Handler
 .text.Default_Handler
                0x000000000800321c        0x2 Core/Startup/startup_stm32l552zetxq.o
                0x000000000800321c                EXTI2_IRQHandler
                0x000000000800321c                TIM8_TRG_COM_IRQHandler
                0x000000000800321c                TIM8_CC_IRQHandler
                0x000000000800321c                EXTI5_IRQHandler
                0x000000000800321c                FLASH_S_IRQHandler
                0x000000000800321c                TIM1_CC_IRQHandler
                0x000000000800321c                TSC_IRQHandler
                0x000000000800321c                TAMP_IRQHandler
                0x000000000800321c                TIM6_IRQHandler
                0x000000000800321c                EXTI12_IRQHandler
                0x000000000800321c                DMA2_Channel8_IRQHandler
                0x000000000800321c                EXTI8_IRQHandler
                0x000000000800321c                LPTIM2_IRQHandler
                0x000000000800321c                DFSDM1_FLT1_IRQHandler
                0x000000000800321c                USB_FS_IRQHandler
                0x000000000800321c                I2C3_ER_IRQHandler
                0x000000000800321c                DFSDM1_FLT2_IRQHandler
                0x000000000800321c                DMAMUX1_IRQHandler
                0x000000000800321c                LPTIM3_IRQHandler
                0x000000000800321c                EXTI0_IRQHandler
                0x000000000800321c                I2C2_EV_IRQHandler
                0x000000000800321c                FPU_IRQHandler
                0x000000000800321c                FDCAN1_IT1_IRQHandler
                0x000000000800321c                ADC1_2_IRQHandler
                0x000000000800321c                SPI1_IRQHandler
                0x000000000800321c                OCTOSPI1_IRQHandler
                0x000000000800321c                TIM8_UP_IRQHandler
                0x000000000800321c                RCC_S_IRQHandler
                0x000000000800321c                DMA2_Channel2_IRQHandler
                0x000000000800321c                DMA1_Channel4_IRQHandler
                0x000000000800321c                SAI2_IRQHandler
                0x000000000800321c                DFSDM1_FLT3_IRQHandler
                0x000000000800321c                EXTI15_IRQHandler
                0x000000000800321c                TIM17_IRQHandler
                0x000000000800321c                USART3_IRQHandler
                0x000000000800321c                RTC_IRQHandler
                0x000000000800321c                EXTI9_IRQHandler
                0x000000000800321c                DMA1_Channel7_IRQHandler
                0x000000000800321c                UART5_IRQHandler
                0x000000000800321c                TIM4_IRQHandler
                0x000000000800321c                DMA2_Channel1_IRQHandler
                0x000000000800321c                I2C1_EV_IRQHandler
                0x000000000800321c                DMA1_Channel6_IRQHandler
                0x000000000800321c                TIM16_IRQHandler
                0x000000000800321c                UART4_IRQHandler
                0x000000000800321c                DMA2_Channel4_IRQHandler
                0x000000000800321c                SecureFault_Handler
                0x000000000800321c                TIM3_IRQHandler
                0x000000000800321c                RCC_IRQHandler
                0x000000000800321c                TIM1_TRG_COM_IRQHandler
                0x000000000800321c                DMA1_Channel1_IRQHandler
                0x000000000800321c                Default_Handler
                0x000000000800321c                DMA2_Channel7_IRQHandler
                0x000000000800321c                DMA1_Channel8_IRQHandler
                0x000000000800321c                TIM7_IRQHandler
                0x000000000800321c                SDMMC1_IRQHandler
                0x000000000800321c                TIM5_IRQHandler
                0x000000000800321c                UCPD1_IRQHandler
                0x000000000800321c                TIM15_IRQHandler
                0x000000000800321c                I2C3_EV_IRQHandler
                0x000000000800321c                PVD_PVM_IRQHandler
                0x000000000800321c                SPI2_IRQHandler
                0x000000000800321c                EXTI14_IRQHandler
                0x000000000800321c                EXTI11_IRQHandler
                0x000000000800321c                DMA2_Channel5_IRQHandler
                0x000000000800321c                CRS_IRQHandler
                0x000000000800321c                DMA1_Channel5_IRQHandler
                0x000000000800321c                EXTI4_IRQHandler
                0x000000000800321c                RTC_S_IRQHandler
                0x000000000800321c                RNG_IRQHandler
                0x000000000800321c                DMAMUX1_S_IRQHandler
                0x000000000800321c                DMA1_Channel3_IRQHandler
                0x000000000800321c                COMP_IRQHandler
                0x000000000800321c                TIM1_UP_IRQHandler
                0x000000000800321c                WWDG_IRQHandler
                0x000000000800321c                I2C4_EV_IRQHandler
                0x000000000800321c                LPUART1_IRQHandler
                0x000000000800321c                DMA2_Channel6_IRQHandler
                0x000000000800321c                FDCAN1_IT0_IRQHandler
                0x000000000800321c                TIM2_IRQHandler
                0x000000000800321c                TAMP_S_IRQHandler
                0x000000000800321c                EXTI7_IRQHandler
                0x000000000800321c                TIM1_BRK_IRQHandler
                0x000000000800321c                DAC_IRQHandler
                0x000000000800321c                EXTI1_IRQHandler
                0x000000000800321c                GTZC_IRQHandler
                0x000000000800321c                USART2_IRQHandler
                0x000000000800321c                DFSDM1_FLT0_IRQHandler
                0x000000000800321c                I2C2_ER_IRQHandler
                0x000000000800321c                DMA1_Channel2_IRQHandler
                0x000000000800321c                TIM8_BRK_IRQHandler
                0x000000000800321c                FLASH_IRQHandler
                0x000000000800321c                USART1_IRQHandler
                0x000000000800321c                EXTI10_IRQHandler
                0x000000000800321c                SPI3_IRQHandler
                0x000000000800321c                I2C1_ER_IRQHandler
                0x000000000800321c                FMC_IRQHandler
                0x000000000800321c                EXTI6_IRQHandler
                0x000000000800321c                LPTIM1_IRQHandler
                0x000000000800321c                I2C4_ER_IRQHandler
                0x000000000800321c                ICACHE_IRQHandler
                0x000000000800321c                SAI1_IRQHandler
                0x000000000800321c                HASH_IRQHandler
                0x000000000800321c                DMA2_Channel3_IRQHandler
 *fill*         0x000000000800321e        0x2 
 .text.BSP_LED_Init
                0x0000000008003220       0x24 Drivers/BSP/STM32L5xx_Nucleo/stm32l5xx_nucleo.o
                0x0000000008003220                BSP_LED_Init
 .text.BSP_LED_Toggle
                0x0000000008003244       0x2c Drivers/BSP/STM32L5xx_Nucleo/stm32l5xx_nucleo.o
                0x0000000008003244                BSP_LED_Toggle
 .text.LED_USER_GPIO_Init
                0x0000000008003270       0x7c Drivers/BSP/STM32L5xx_Nucleo/stm32l5xx_nucleo.o
 .text.BSP_PB_Init
                0x00000000080032ec       0xb4 Drivers/BSP/STM32L5xx_Nucleo/stm32l5xx_nucleo.o
                0x00000000080032ec                BSP_PB_Init
 .text.BSP_PB_GetState
                0x00000000080033a0       0x38 Drivers/BSP/STM32L5xx_Nucleo/stm32l5xx_nucleo.o
                0x00000000080033a0                BSP_PB_GetState
 .text.BUTTON_USER_EXTI_Callback
                0x00000000080033d8        0xe Drivers/BSP/STM32L5xx_Nucleo/stm32l5xx_nucleo.o
 *fill*         0x00000000080033e6        0x2 
 .text.BUTTON_USER_GPIO_Init
                0x00000000080033e8       0x94 Drivers/BSP/STM32L5xx_Nucleo/stm32l5xx_nucleo.o
 .text.BSP_COM_Init
                0x000000000800347c       0x7c Drivers/BSP/STM32L5xx_Nucleo/stm32l5xx_nucleo.o
                0x000000000800347c                BSP_COM_Init
 .text.MX_USART3_UART_Init
                0x00000000080034f8       0xa4 Drivers/BSP/STM32L5xx_Nucleo/stm32l5xx_nucleo.o
                0x00000000080034f8                MX_USART3_UART_Init
 .text.USART3_MspInit
                0x000000000800359c       0x8c Drivers/BSP/STM32L5xx_Nucleo/stm32l5xx_nucleo.o
 .text.HAL_Init
                0x0000000008003628       0x34 Drivers/STM32L5xx_HAL_Driver/Src/stm32l5xx_hal.o
                0x0000000008003628                HAL_Init
 .text.HAL_InitTick
                0x000000000800365c       0x78 Drivers/STM32L5xx_HAL_Driver/Src/stm32l5xx_hal.o
                0x000000000800365c                HAL_InitTick
 .text.HAL_IncTick
                0x00000000080036d4       0x28 Drivers/STM32L5xx_HAL_Driver/Src/stm32l5xx_hal.o
                0x00000000080036d4                HAL_IncTick
 .text.HAL_GetTick
                0x00000000080036fc       0x18 Drivers/STM32L5xx_HAL_Driver/Src/stm32l5xx_hal.o
                0x00000000080036fc                HAL_GetTick
 .text.HAL_Delay
                0x0000000008003714       0x44 Drivers/STM32L5xx_HAL_Driver/Src/stm32l5xx_hal.o
                0x0000000008003714                HAL_Delay
 .text.LL_ADC_SetCommonClock
                0x0000000008003758       0x26 Drivers/STM32L5xx_HAL_Driver/Src/stm32l5xx_hal_adc.o
 .text.LL_ADC_SetCommonPathInternalCh
                0x000000000800377e       0x26 Drivers/STM32L5xx_HAL_Driver/Src/stm32l5xx_hal_adc.o
 .text.LL_ADC_GetCommonPathInternalCh
                0x00000000080037a4       0x1c Drivers/STM32L5xx_HAL_Driver/Src/stm32l5xx_hal_adc.o
 .text.LL_ADC_SetOffset
                0x00000000080037c0       0x48 Drivers/STM32L5xx_HAL_Driver/Src/stm32l5xx_hal_adc.o
 .text.LL_ADC_GetOffsetChannel
                0x0000000008003808       0x2c Drivers/STM32L5xx_HAL_Driver/Src/stm32l5xx_hal_adc.o
 .text.LL_ADC_SetOffsetState
                0x0000000008003834       0x36 Drivers/STM32L5xx_HAL_Driver/Src/stm32l5xx_hal_adc.o
 .text.LL_ADC_SetSamplingTimeCommonConfig
                0x000000000800386a       0x26 Drivers/STM32L5xx_HAL_Driver/Src/stm32l5xx_hal_adc.o
 .text.LL_ADC_REG_SetSequencerRanks
                0x0000000008003890       0x58 Drivers/STM32L5xx_HAL_Driver/Src/stm32l5xx_hal_adc.o
 .text.LL_ADC_SetChannelSamplingTime
                0x00000000080038e8       0x56 Drivers/STM32L5xx_HAL_Driver/Src/stm32l5xx_hal_adc.o
 *fill*         0x000000000800393e        0x2 
 .text.LL_ADC_SetChannelSingleDiff
                0x0000000008003940       0x48 Drivers/STM32L5xx_HAL_Driver/Src/stm32l5xx_hal_adc.o
 .text.LL_ADC_DisableDeepPowerDown
                0x0000000008003988       0x24 Drivers/STM32L5xx_HAL_Driver/Src/stm32l5xx_hal_adc.o
 .text.LL_ADC_IsDeepPowerDownEnabled
                0x00000000080039ac       0x28 Drivers/STM32L5xx_HAL_Driver/Src/stm32l5xx_hal_adc.o
 .text.LL_ADC_EnableInternalRegulator
                0x00000000080039d4       0x28 Drivers/STM32L5xx_HAL_Driver/Src/stm32l5xx_hal_adc.o
 .text.LL_ADC_IsInternalRegulatorEnabled
                0x00000000080039fc       0x28 Drivers/STM32L5xx_HAL_Driver/Src/stm32l5xx_hal_adc.o
 .text.LL_ADC_IsEnabled
                0x0000000008003a24       0x26 Drivers/STM32L5xx_HAL_Driver/Src/stm32l5xx_hal_adc.o
 .text.LL_ADC_REG_IsConversionOngoing
                0x0000000008003a4a       0x26 Drivers/STM32L5xx_HAL_Driver/Src/stm32l5xx_hal_adc.o
 .text.LL_ADC_INJ_IsConversionOngoing
                0x0000000008003a70       0x26 Drivers/STM32L5xx_HAL_Driver/Src/stm32l5xx_hal_adc.o
 *fill*         0x0000000008003a96        0x2 
 .text.HAL_ADC_Init
                0x0000000008003a98      0x2a0 Drivers/STM32L5xx_HAL_Driver/Src/stm32l5xx_hal_adc.o
                0x0000000008003a98                HAL_ADC_Init
 .text.HAL_ADC_ConfigChannel
                0x0000000008003d38      0x7d0 Drivers/STM32L5xx_HAL_Driver/Src/stm32l5xx_hal_adc.o
                0x0000000008003d38                HAL_ADC_ConfigChannel
 .text.LL_ADC_IsEnabled
                0x0000000008004508       0x26 Drivers/STM32L5xx_HAL_Driver/Src/stm32l5xx_hal_adc_ex.o
 .text.LL_ADC_REG_IsConversionOngoing
                0x000000000800452e       0x26 Drivers/STM32L5xx_HAL_Driver/Src/stm32l5xx_hal_adc_ex.o
 .text.HAL_ADCEx_MultiModeConfigChannel
                0x0000000008004554      0x140 Drivers/STM32L5xx_HAL_Driver/Src/stm32l5xx_hal_adc_ex.o
                0x0000000008004554                HAL_ADCEx_MultiModeConfigChannel
 .text.__NVIC_SetPriorityGrouping
                0x0000000008004694       0x48 Drivers/STM32L5xx_HAL_Driver/Src/stm32l5xx_hal_cortex.o
 .text.__NVIC_GetPriorityGrouping
                0x00000000080046dc       0x1c Drivers/STM32L5xx_HAL_Driver/Src/stm32l5xx_hal_cortex.o
 .text.__NVIC_EnableIRQ
                0x00000000080046f8       0x3c Drivers/STM32L5xx_HAL_Driver/Src/stm32l5xx_hal_cortex.o
 .text.__NVIC_SetPriority
                0x0000000008004734       0x54 Drivers/STM32L5xx_HAL_Driver/Src/stm32l5xx_hal_cortex.o
 .text.NVIC_EncodePriority
                0x0000000008004788       0x66 Drivers/STM32L5xx_HAL_Driver/Src/stm32l5xx_hal_cortex.o
 *fill*         0x00000000080047ee        0x2 
 .text.SysTick_Config
                0x00000000080047f0       0x44 Drivers/STM32L5xx_HAL_Driver/Src/stm32l5xx_hal_cortex.o
 .text.HAL_NVIC_SetPriorityGrouping
                0x0000000008004834       0x16 Drivers/STM32L5xx_HAL_Driver/Src/stm32l5xx_hal_cortex.o
                0x0000000008004834                HAL_NVIC_SetPriorityGrouping
 .text.HAL_NVIC_SetPriority
                0x000000000800484a       0x34 Drivers/STM32L5xx_HAL_Driver/Src/stm32l5xx_hal_cortex.o
                0x000000000800484a                HAL_NVIC_SetPriority
 .text.HAL_NVIC_EnableIRQ
                0x000000000800487e       0x1c Drivers/STM32L5xx_HAL_Driver/Src/stm32l5xx_hal_cortex.o
                0x000000000800487e                HAL_NVIC_EnableIRQ
 .text.HAL_SYSTICK_Config
                0x000000000800489a       0x18 Drivers/STM32L5xx_HAL_Driver/Src/stm32l5xx_hal_cortex.o
                0x000000000800489a                HAL_SYSTICK_Config
 .text.HAL_EXTI_RegisterCallback
                0x00000000080048b2       0x52 Drivers/STM32L5xx_HAL_Driver/Src/stm32l5xx_hal_exti.o
                0x00000000080048b2                HAL_EXTI_RegisterCallback
 .text.HAL_EXTI_GetHandle
                0x0000000008004904       0x28 Drivers/STM32L5xx_HAL_Driver/Src/stm32l5xx_hal_exti.o
                0x0000000008004904                HAL_EXTI_GetHandle
 .text.HAL_EXTI_IRQHandler
                0x000000000800492c       0x90 Drivers/STM32L5xx_HAL_Driver/Src/stm32l5xx_hal_exti.o
                0x000000000800492c                HAL_EXTI_IRQHandler
 .text.HAL_GPIO_Init
                0x00000000080049bc      0x300 Drivers/STM32L5xx_HAL_Driver/Src/stm32l5xx_hal_gpio.o
                0x00000000080049bc                HAL_GPIO_Init
 .text.HAL_GPIO_DeInit
                0x0000000008004cbc      0x1dc Drivers/STM32L5xx_HAL_Driver/Src/stm32l5xx_hal_gpio.o
                0x0000000008004cbc                HAL_GPIO_DeInit
 .text.HAL_GPIO_ReadPin
                0x0000000008004e98       0x30 Drivers/STM32L5xx_HAL_Driver/Src/stm32l5xx_hal_gpio.o
                0x0000000008004e98                HAL_GPIO_ReadPin
 .text.HAL_GPIO_WritePin
                0x0000000008004ec8       0x30 Drivers/STM32L5xx_HAL_Driver/Src/stm32l5xx_hal_gpio.o
                0x0000000008004ec8                HAL_GPIO_WritePin
 .text.HAL_GPIO_TogglePin
                0x0000000008004ef8       0x34 Drivers/STM32L5xx_HAL_Driver/Src/stm32l5xx_hal_gpio.o
                0x0000000008004ef8                HAL_GPIO_TogglePin
 .text.HAL_PCD_Init
                0x0000000008004f2c      0x1ca Drivers/STM32L5xx_HAL_Driver/Src/stm32l5xx_hal_pcd.o
                0x0000000008004f2c                HAL_PCD_Init
 .text.HAL_PCDEx_ActivateLPM
                0x00000000080050f6       0x54 Drivers/STM32L5xx_HAL_Driver/Src/stm32l5xx_hal_pcd_ex.o
                0x00000000080050f6                HAL_PCDEx_ActivateLPM
 *fill*         0x000000000800514a        0x2 
 .text.HAL_PWR_EnableBkUpAccess
                0x000000000800514c       0x20 Drivers/STM32L5xx_HAL_Driver/Src/stm32l5xx_hal_pwr.o
                0x000000000800514c                HAL_PWR_EnableBkUpAccess
 .text.HAL_PWREx_GetVoltageRange
                0x000000000800516c       0x1c Drivers/STM32L5xx_HAL_Driver/Src/stm32l5xx_hal_pwr_ex.o
                0x000000000800516c                HAL_PWREx_GetVoltageRange
 .text.HAL_PWREx_ControlVoltageScaling
                0x0000000008005188       0xb8 Drivers/STM32L5xx_HAL_Driver/Src/stm32l5xx_hal_pwr_ex.o
                0x0000000008005188                HAL_PWREx_ControlVoltageScaling
 .text.HAL_PWREx_EnableVddIO2
                0x0000000008005240       0x20 Drivers/STM32L5xx_HAL_Driver/Src/stm32l5xx_hal_pwr_ex.o
                0x0000000008005240                HAL_PWREx_EnableVddIO2
 .text.HAL_PWREx_SMPS_GetEffectiveMode
                0x0000000008005260       0x48 Drivers/STM32L5xx_HAL_Driver/Src/stm32l5xx_hal_pwr_ex.o
                0x0000000008005260                HAL_PWREx_SMPS_GetEffectiveMode
 .text.HAL_RCC_OscConfig
                0x00000000080052a8      0x8c4 Drivers/STM32L5xx_HAL_Driver/Src/stm32l5xx_hal_rcc.o
                0x00000000080052a8                HAL_RCC_OscConfig
 .text.HAL_RCC_ClockConfig
                0x0000000008005b6c      0x240 Drivers/STM32L5xx_HAL_Driver/Src/stm32l5xx_hal_rcc.o
                0x0000000008005b6c                HAL_RCC_ClockConfig
 .text.HAL_RCC_GetSysClockFreq
                0x0000000008005dac      0x138 Drivers/STM32L5xx_HAL_Driver/Src/stm32l5xx_hal_rcc.o
                0x0000000008005dac                HAL_RCC_GetSysClockFreq
 .text.HAL_RCC_GetHCLKFreq
                0x0000000008005ee4       0x28 Drivers/STM32L5xx_HAL_Driver/Src/stm32l5xx_hal_rcc.o
                0x0000000008005ee4                HAL_RCC_GetHCLKFreq
 .text.HAL_RCC_GetPCLK1Freq
                0x0000000008005f0c       0x28 Drivers/STM32L5xx_HAL_Driver/Src/stm32l5xx_hal_rcc.o
                0x0000000008005f0c                HAL_RCC_GetPCLK1Freq
 .text.HAL_RCC_GetPCLK2Freq
                0x0000000008005f34       0x28 Drivers/STM32L5xx_HAL_Driver/Src/stm32l5xx_hal_rcc.o
                0x0000000008005f34                HAL_RCC_GetPCLK2Freq
 .text.RCC_SetFlashLatencyFromMSIRange
                0x0000000008005f5c       0xc8 Drivers/STM32L5xx_HAL_Driver/Src/stm32l5xx_hal_rcc.o
 .text.RCC_GetSysClockFreqFromPLLSource
                0x0000000008006024       0xf4 Drivers/STM32L5xx_HAL_Driver/Src/stm32l5xx_hal_rcc.o
 .text.HAL_RCCEx_PeriphCLKConfig
                0x0000000008006118      0x6d4 Drivers/STM32L5xx_HAL_Driver/Src/stm32l5xx_hal_rcc_ex.o
                0x0000000008006118                HAL_RCCEx_PeriphCLKConfig
 .text.RCCEx_PLLSAI1_Config
                0x00000000080067ec      0x1a4 Drivers/STM32L5xx_HAL_Driver/Src/stm32l5xx_hal_rcc_ex.o
 .text.RCCEx_PLLSAI2_Config
                0x0000000008006990      0x130 Drivers/STM32L5xx_HAL_Driver/Src/stm32l5xx_hal_rcc_ex.o
 .text.HAL_RTC_Init
                0x0000000008006ac0       0xdc Drivers/STM32L5xx_HAL_Driver/Src/stm32l5xx_hal_rtc.o
                0x0000000008006ac0                HAL_RTC_Init
 .text.HAL_RTC_WaitForSynchro
                0x0000000008006b9c       0x4c Drivers/STM32L5xx_HAL_Driver/Src/stm32l5xx_hal_rtc.o
                0x0000000008006b9c                HAL_RTC_WaitForSynchro
 .text.RTC_EnterInitMode
                0x0000000008006be8       0x68 Drivers/STM32L5xx_HAL_Driver/Src/stm32l5xx_hal_rtc.o
                0x0000000008006be8                RTC_EnterInitMode
 .text.RTC_ExitInitMode
                0x0000000008006c50       0x7c Drivers/STM32L5xx_HAL_Driver/Src/stm32l5xx_hal_rtc.o
                0x0000000008006c50                RTC_ExitInitMode
 .text.HAL_RTCEx_PrivilegeModeSet
                0x0000000008006ccc       0x58 Drivers/STM32L5xx_HAL_Driver/Src/stm32l5xx_hal_rtc_ex.o
                0x0000000008006ccc                HAL_RTCEx_PrivilegeModeSet
 .text.HAL_SPI_Init
                0x0000000008006d24      0x146 Drivers/STM32L5xx_HAL_Driver/Src/stm32l5xx_hal_spi.o
                0x0000000008006d24                HAL_SPI_Init
 .text.HAL_SPI_MspInit
                0x0000000008006e6a       0x14 Drivers/STM32L5xx_HAL_Driver/Src/stm32l5xx_hal_spi.o
                0x0000000008006e6a                HAL_SPI_MspInit
 .text.HAL_SPI_TransmitReceive
                0x0000000008006e7e      0x426 Drivers/STM32L5xx_HAL_Driver/Src/stm32l5xx_hal_spi.o
                0x0000000008006e7e                HAL_SPI_TransmitReceive
 .text.HAL_SPI_GetState
                0x00000000080072a4       0x1c Drivers/STM32L5xx_HAL_Driver/Src/stm32l5xx_hal_spi.o
                0x00000000080072a4                HAL_SPI_GetState
 .text.SPI_WaitFlagStateUntilTimeout
                0x00000000080072c0      0x110 Drivers/STM32L5xx_HAL_Driver/Src/stm32l5xx_hal_spi.o
 .text.SPI_WaitFifoStateUntilTimeout
                0x00000000080073d0      0x11c Drivers/STM32L5xx_HAL_Driver/Src/stm32l5xx_hal_spi.o
 .text.SPI_EndRxTxTransaction
                0x00000000080074ec       0x8c Drivers/STM32L5xx_HAL_Driver/Src/stm32l5xx_hal_spi.o
 .text.HAL_UART_Init
                0x0000000008007578       0xa0 Drivers/STM32L5xx_HAL_Driver/Src/stm32l5xx_hal_uart.o
                0x0000000008007578                HAL_UART_Init
 .text.UART_SetConfig
                0x0000000008007618      0x5ac Drivers/STM32L5xx_HAL_Driver/Src/stm32l5xx_hal_uart.o
                0x0000000008007618                UART_SetConfig
 .text.UART_AdvFeatureConfig
                0x0000000008007bc4      0x144 Drivers/STM32L5xx_HAL_Driver/Src/stm32l5xx_hal_uart.o
                0x0000000008007bc4                UART_AdvFeatureConfig
 .text.UART_CheckIdleState
                0x0000000008007d08       0x96 Drivers/STM32L5xx_HAL_Driver/Src/stm32l5xx_hal_uart.o
                0x0000000008007d08                UART_CheckIdleState
 .text.UART_WaitOnFlagUntilTimeout
                0x0000000008007d9e      0x100 Drivers/STM32L5xx_HAL_Driver/Src/stm32l5xx_hal_uart.o
                0x0000000008007d9e                UART_WaitOnFlagUntilTimeout
 .text.HAL_UARTEx_DisableFifoMode
                0x0000000008007e9e       0x72 Drivers/STM32L5xx_HAL_Driver/Src/stm32l5xx_hal_uart_ex.o
                0x0000000008007e9e                HAL_UARTEx_DisableFifoMode
 .text.HAL_UARTEx_SetTxFifoThreshold
                0x0000000008007f10       0x7c Drivers/STM32L5xx_HAL_Driver/Src/stm32l5xx_hal_uart_ex.o
                0x0000000008007f10                HAL_UARTEx_SetTxFifoThreshold
 .text.HAL_UARTEx_SetRxFifoThreshold
                0x0000000008007f8c       0x7c Drivers/STM32L5xx_HAL_Driver/Src/stm32l5xx_hal_uart_ex.o
                0x0000000008007f8c                HAL_UARTEx_SetRxFifoThreshold
 .text.UARTEx_SetNbDataToProcess
                0x0000000008008008       0xd0 Drivers/STM32L5xx_HAL_Driver/Src/stm32l5xx_hal_uart_ex.o
 .text.LL_GPIO_SetPinMode
                0x00000000080080d8       0x7a Drivers/STM32L5xx_HAL_Driver/Src/stm32l5xx_ll_gpio.o
 .text.LL_GPIO_SetPinOutputType
                0x0000000008008152       0x30 Drivers/STM32L5xx_HAL_Driver/Src/stm32l5xx_ll_gpio.o
 .text.LL_GPIO_SetPinSpeed
                0x0000000008008182       0x7a Drivers/STM32L5xx_HAL_Driver/Src/stm32l5xx_ll_gpio.o
 .text.LL_GPIO_SetPinPull
                0x00000000080081fc       0x7a Drivers/STM32L5xx_HAL_Driver/Src/stm32l5xx_ll_gpio.o
 .text.LL_GPIO_SetAFPin_0_7
                0x0000000008008276       0x7a Drivers/STM32L5xx_HAL_Driver/Src/stm32l5xx_ll_gpio.o
 .text.LL_GPIO_SetAFPin_8_15
                0x00000000080082f0       0x7e Drivers/STM32L5xx_HAL_Driver/Src/stm32l5xx_ll_gpio.o
 .text.LL_GPIO_Init
                0x000000000800836e       0xda Drivers/STM32L5xx_HAL_Driver/Src/stm32l5xx_ll_gpio.o
                0x000000000800836e                LL_GPIO_Init
 .text.USB_DisableGlobalInt
                0x0000000008008448       0x36 Drivers/STM32L5xx_HAL_Driver/Src/stm32l5xx_ll_usb.o
                0x0000000008008448                USB_DisableGlobalInt
 .text.USB_DevInit
                0x000000000800847e       0x42 Drivers/STM32L5xx_HAL_Driver/Src/stm32l5xx_ll_usb.o
                0x000000000800847e                USB_DevInit
 .text.aci_gap_init_IDB05A1
                0x00000000080084c0       0xa0 Middlewares/ST/BlueNRG-MS/hci/controller/bluenrg_gap_aci.o
                0x00000000080084c0                aci_gap_init_IDB05A1
 .text.aci_gap_init_IDB04A1
                0x0000000008008560       0x94 Middlewares/ST/BlueNRG-MS/hci/controller/bluenrg_gap_aci.o
                0x0000000008008560                aci_gap_init_IDB04A1
 .text.aci_gap_set_discoverable
                0x00000000080085f4      0x1de Middlewares/ST/BlueNRG-MS/hci/controller/bluenrg_gap_aci.o
                0x00000000080085f4                aci_gap_set_discoverable
 .text.aci_gap_set_auth_requirement
                0x00000000080087d2       0xae Middlewares/ST/BlueNRG-MS/hci/controller/bluenrg_gap_aci.o
                0x00000000080087d2                aci_gap_set_auth_requirement
 .text.aci_gap_update_adv_data
                0x0000000008008880       0xa4 Middlewares/ST/BlueNRG-MS/hci/controller/bluenrg_gap_aci.o
                0x0000000008008880                aci_gap_update_adv_data
 .text.aci_gatt_init
                0x0000000008008924       0x46 Middlewares/ST/BlueNRG-MS/hci/controller/bluenrg_gatt_aci.o
                0x0000000008008924                aci_gatt_init
 .text.aci_gatt_add_serv
                0x000000000800896a      0x118 Middlewares/ST/BlueNRG-MS/hci/controller/bluenrg_gatt_aci.o
                0x000000000800896a                aci_gatt_add_serv
 .text.aci_gatt_add_char
                0x0000000008008a82      0x1a4 Middlewares/ST/BlueNRG-MS/hci/controller/bluenrg_gatt_aci.o
                0x0000000008008a82                aci_gatt_add_char
 .text.aci_gatt_update_char_value
                0x0000000008008c26      0x126 Middlewares/ST/BlueNRG-MS/hci/controller/bluenrg_gatt_aci.o
                0x0000000008008c26                aci_gatt_update_char_value
 .text.aci_gatt_allow_read
                0x0000000008008d4c       0x5a Middlewares/ST/BlueNRG-MS/hci/controller/bluenrg_gatt_aci.o
                0x0000000008008d4c                aci_gatt_allow_read
 .text.aci_hal_read_config_data
                0x0000000008008da6       0xa6 Middlewares/ST/BlueNRG-MS/hci/controller/bluenrg_hal_aci.o
                0x0000000008008da6                aci_hal_read_config_data
 .text.aci_hal_set_tx_power_level
                0x0000000008008e4c       0x62 Middlewares/ST/BlueNRG-MS/hci/controller/bluenrg_hal_aci.o
                0x0000000008008e4c                aci_hal_set_tx_power_level
 .text.getBlueNRGVersion
                0x0000000008008eae       0x88 Middlewares/ST/BlueNRG-MS/hci/controller/bluenrg_utils_small.o
                0x0000000008008eae                getBlueNRGVersion
 .text.hci_reset
                0x0000000008008f36       0x44 Middlewares/ST/BlueNRG-MS/hci/hci_le.o
                0x0000000008008f36                hci_reset
 .text.hci_le_read_local_version
                0x0000000008008f7a       0x94 Middlewares/ST/BlueNRG-MS/hci/hci_le.o
                0x0000000008008f7a                hci_le_read_local_version
 .text.hci_le_set_scan_resp_data
                0x000000000800900e       0x82 Middlewares/ST/BlueNRG-MS/hci/hci_le.o
                0x000000000800900e                hci_le_set_scan_resp_data
 .text.verify_packet
                0x0000000008009090       0x40 Middlewares/ST/BlueNRG-MS/hci/hci_tl_patterns/Basic/hci_tl.o
 .text.send_cmd
                0x00000000080090d0       0x80 Middlewares/ST/BlueNRG-MS/hci/hci_tl_patterns/Basic/hci_tl.o
 .text.move_list
                0x0000000008009150       0x36 Middlewares/ST/BlueNRG-MS/hci/hci_tl_patterns/Basic/hci_tl.o
 *fill*         0x0000000008009186        0x2 
 .text.free_event_list
                0x0000000008009188       0x38 Middlewares/ST/BlueNRG-MS/hci/hci_tl_patterns/Basic/hci_tl.o
 .text.hci_init
                0x00000000080091c0       0x84 Middlewares/ST/BlueNRG-MS/hci/hci_tl_patterns/Basic/hci_tl.o
                0x00000000080091c0                hci_init
 .text.hci_register_io_bus
                0x0000000008009244       0x40 Middlewares/ST/BlueNRG-MS/hci/hci_tl_patterns/Basic/hci_tl.o
                0x0000000008009244                hci_register_io_bus
 .text.hci_send_req
                0x0000000008009284      0x230 Middlewares/ST/BlueNRG-MS/hci/hci_tl_patterns/Basic/hci_tl.o
                0x0000000008009284                hci_send_req
 .text.hci_user_evt_proc
                0x00000000080094b4       0x54 Middlewares/ST/BlueNRG-MS/hci/hci_tl_patterns/Basic/hci_tl.o
                0x00000000080094b4                hci_user_evt_proc
 .text.hci_notify_asynch_evt
                0x0000000008009508       0x9c Middlewares/ST/BlueNRG-MS/hci/hci_tl_patterns/Basic/hci_tl.o
                0x0000000008009508                hci_notify_asynch_evt
 .text.list_init_head
                0x00000000080095a4       0x20 Middlewares/ST/BlueNRG-MS/utils/ble_list.o
                0x00000000080095a4                list_init_head
 .text.list_is_empty
                0x00000000080095c4       0x40 Middlewares/ST/BlueNRG-MS/utils/ble_list.o
                0x00000000080095c4                list_is_empty
 .text.list_insert_head
                0x0000000008009604       0x48 Middlewares/ST/BlueNRG-MS/utils/ble_list.o
                0x0000000008009604                list_insert_head
 .text.list_insert_tail
                0x000000000800964c       0x48 Middlewares/ST/BlueNRG-MS/utils/ble_list.o
                0x000000000800964c                list_insert_tail
 .text.list_remove_node
                0x0000000008009694       0x3e Middlewares/ST/BlueNRG-MS/utils/ble_list.o
                0x0000000008009694                list_remove_node
 .text.list_remove_head
                0x00000000080096d2       0x4a Middlewares/ST/BlueNRG-MS/utils/ble_list.o
                0x00000000080096d2                list_remove_head
 .text.list_remove_tail
                0x000000000800971c       0x4a Middlewares/ST/BlueNRG-MS/utils/ble_list.o
                0x000000000800971c                list_remove_tail
 .text.list_get_size
                0x0000000008009766       0x4c Middlewares/ST/BlueNRG-MS/utils/ble_list.o
                0x0000000008009766                list_get_size
 *fill*         0x00000000080097b2        0x2 
 .text.__errno  0x00000000080097b4        0xc c:/st/stm32cubeide_1.3.0/stm32cubeide/plugins/com.st.stm32cube.ide.mcu.externaltools.gnu-tools-for-stm32.7-2018-q2-update.win32_1.0.0.201904181610/tools/bin/../lib/gcc/arm-none-eabi/7.3.1/../../../../arm-none-eabi/lib/thumb/v8-m.main/fpv5-sp/hard\libc_nano.a(lib_a-errno.o)
                0x00000000080097b4                __errno
 .text.__libc_init_array
                0x00000000080097c0       0x48 c:/st/stm32cubeide_1.3.0/stm32cubeide/plugins/com.st.stm32cube.ide.mcu.externaltools.gnu-tools-for-stm32.7-2018-q2-update.win32_1.0.0.201904181610/tools/bin/../lib/gcc/arm-none-eabi/7.3.1/../../../../arm-none-eabi/lib/thumb/v8-m.main/fpv5-sp/hard\libc_nano.a(lib_a-init.o)
                0x00000000080097c0                __libc_init_array
 .text.memcpy   0x0000000008009808       0x16 c:/st/stm32cubeide_1.3.0/stm32cubeide/plugins/com.st.stm32cube.ide.mcu.externaltools.gnu-tools-for-stm32.7-2018-q2-update.win32_1.0.0.201904181610/tools/bin/../lib/gcc/arm-none-eabi/7.3.1/../../../../arm-none-eabi/lib/thumb/v8-m.main/fpv5-sp/hard\libc_nano.a(lib_a-memcpy-stub.o)
                0x0000000008009808                memcpy
 .text.memset   0x000000000800981e       0x10 c:/st/stm32cubeide_1.3.0/stm32cubeide/plugins/com.st.stm32cube.ide.mcu.externaltools.gnu-tools-for-stm32.7-2018-q2-update.win32_1.0.0.201904181610/tools/bin/../lib/gcc/arm-none-eabi/7.3.1/../../../../arm-none-eabi/lib/thumb/v8-m.main/fpv5-sp/hard\libc_nano.a(lib_a-memset.o)
                0x000000000800981e                memset
 *fill*         0x000000000800982e        0x2 
 .text.srand    0x0000000008009830       0x48 c:/st/stm32cubeide_1.3.0/stm32cubeide/plugins/com.st.stm32cube.ide.mcu.externaltools.gnu-tools-for-stm32.7-2018-q2-update.win32_1.0.0.201904181610/tools/bin/../lib/gcc/arm-none-eabi/7.3.1/../../../../arm-none-eabi/lib/thumb/v8-m.main/fpv5-sp/hard\libc_nano.a(lib_a-rand.o)
                0x0000000008009830                srand
 .text.rand     0x0000000008009878       0x68 c:/st/stm32cubeide_1.3.0/stm32cubeide/plugins/com.st.stm32cube.ide.mcu.externaltools.gnu-tools-for-stm32.7-2018-q2-update.win32_1.0.0.201904181610/tools/bin/../lib/gcc/arm-none-eabi/7.3.1/../../../../arm-none-eabi/lib/thumb/v8-m.main/fpv5-sp/hard\libc_nano.a(lib_a-rand.o)
                0x0000000008009878                rand
 .text.malloc   0x00000000080098e0       0x10 c:/st/stm32cubeide_1.3.0/stm32cubeide/plugins/com.st.stm32cube.ide.mcu.externaltools.gnu-tools-for-stm32.7-2018-q2-update.win32_1.0.0.201904181610/tools/bin/../lib/gcc/arm-none-eabi/7.3.1/../../../../arm-none-eabi/lib/thumb/v8-m.main/fpv5-sp/hard\libc_nano.a(lib_a-malloc.o)
                0x00000000080098e0                malloc
 .text._malloc_r
                0x00000000080098f0       0xb4 c:/st/stm32cubeide_1.3.0/stm32cubeide/plugins/com.st.stm32cube.ide.mcu.externaltools.gnu-tools-for-stm32.7-2018-q2-update.win32_1.0.0.201904181610/tools/bin/../lib/gcc/arm-none-eabi/7.3.1/../../../../arm-none-eabi/lib/thumb/v8-m.main/fpv5-sp/hard\libc_nano.a(lib_a-nano-mallocr.o)
                0x00000000080098f0                _malloc_r
 .text._sbrk_r  0x00000000080099a4       0x20 c:/st/stm32cubeide_1.3.0/stm32cubeide/plugins/com.st.stm32cube.ide.mcu.externaltools.gnu-tools-for-stm32.7-2018-q2-update.win32_1.0.0.201904181610/tools/bin/../lib/gcc/arm-none-eabi/7.3.1/../../../../arm-none-eabi/lib/thumb/v8-m.main/fpv5-sp/hard\libc_nano.a(lib_a-sbrkr.o)
                0x00000000080099a4                _sbrk_r
 .text.__malloc_lock
                0x00000000080099c4        0x2 c:/st/stm32cubeide_1.3.0/stm32cubeide/plugins/com.st.stm32cube.ide.mcu.externaltools.gnu-tools-for-stm32.7-2018-q2-update.win32_1.0.0.201904181610/tools/bin/../lib/gcc/arm-none-eabi/7.3.1/../../../../arm-none-eabi/lib/thumb/v8-m.main/fpv5-sp/hard\libc_nano.a(lib_a-mlock.o)
                0x00000000080099c4                __malloc_lock
 .text.__malloc_unlock
                0x00000000080099c6        0x2 c:/st/stm32cubeide_1.3.0/stm32cubeide/plugins/com.st.stm32cube.ide.mcu.externaltools.gnu-tools-for-stm32.7-2018-q2-update.win32_1.0.0.201904181610/tools/bin/../lib/gcc/arm-none-eabi/7.3.1/../../../../arm-none-eabi/lib/thumb/v8-m.main/fpv5-sp/hard\libc_nano.a(lib_a-mlock.o)
                0x00000000080099c6                __malloc_unlock
 *(.glue_7)
 .glue_7        0x00000000080099c8        0x0 linker stubs
 *(.glue_7t)
 .glue_7t       0x00000000080099c8        0x0 linker stubs
 *(.eh_frame)
 .eh_frame      0x00000000080099c8        0x0 c:/st/stm32cubeide_1.3.0/stm32cubeide/plugins/com.st.stm32cube.ide.mcu.externaltools.gnu-tools-for-stm32.7-2018-q2-update.win32_1.0.0.201904181610/tools/bin/../lib/gcc/arm-none-eabi/7.3.1/thumb/v8-m.main/fpv5-sp/hard/crtbegin.o
 *(.init)
 .init          0x00000000080099c8        0x4 c:/st/stm32cubeide_1.3.0/stm32cubeide/plugins/com.st.stm32cube.ide.mcu.externaltools.gnu-tools-for-stm32.7-2018-q2-update.win32_1.0.0.201904181610/tools/bin/../lib/gcc/arm-none-eabi/7.3.1/thumb/v8-m.main/fpv5-sp/hard/crti.o
                0x00000000080099c8                _init
 .init          0x00000000080099cc        0x8 c:/st/stm32cubeide_1.3.0/stm32cubeide/plugins/com.st.stm32cube.ide.mcu.externaltools.gnu-tools-for-stm32.7-2018-q2-update.win32_1.0.0.201904181610/tools/bin/../lib/gcc/arm-none-eabi/7.3.1/thumb/v8-m.main/fpv5-sp/hard/crtn.o
 *(.fini)
 .fini          0x00000000080099d4        0x4 c:/st/stm32cubeide_1.3.0/stm32cubeide/plugins/com.st.stm32cube.ide.mcu.externaltools.gnu-tools-for-stm32.7-2018-q2-update.win32_1.0.0.201904181610/tools/bin/../lib/gcc/arm-none-eabi/7.3.1/thumb/v8-m.main/fpv5-sp/hard/crti.o
                0x00000000080099d4                _fini
 .fini          0x00000000080099d8        0x8 c:/st/stm32cubeide_1.3.0/stm32cubeide/plugins/com.st.stm32cube.ide.mcu.externaltools.gnu-tools-for-stm32.7-2018-q2-update.win32_1.0.0.201904181610/tools/bin/../lib/gcc/arm-none-eabi/7.3.1/thumb/v8-m.main/fpv5-sp/hard/crtn.o
                0x00000000080099e0                . = ALIGN (0x4)
                0x00000000080099e0                _etext = .

.vfp11_veneer   0x00000000080099e0        0x0
 .vfp11_veneer  0x00000000080099e0        0x0 linker stubs

.v4_bx          0x00000000080099e0        0x0
 .v4_bx         0x00000000080099e0        0x0 linker stubs

.iplt           0x00000000080099e0        0x0
 .iplt          0x00000000080099e0        0x0 c:/st/stm32cubeide_1.3.0/stm32cubeide/plugins/com.st.stm32cube.ide.mcu.externaltools.gnu-tools-for-stm32.7-2018-q2-update.win32_1.0.0.201904181610/tools/bin/../lib/gcc/arm-none-eabi/7.3.1/thumb/v8-m.main/fpv5-sp/hard/crtbegin.o

.rodata         0x00000000080099e0       0xa4
                0x00000000080099e0                . = ALIGN (0x4)
 *(.rodata)
 .rodata        0x00000000080099e0        0x8 BlueNRG_MS/App/app_bluenrg_ms.o
 .rodata        0x00000000080099e8        0x8 BlueNRG_MS/App/sensor.o
 .rodata        0x00000000080099f0       0x10 Drivers/STM32L5xx_HAL_Driver/Src/stm32l5xx_hal_uart_ex.o
 *(.rodata*)
 .rodata.AHBPrescTable
                0x0000000008009a00       0x10 Core/Src/system_stm32l5xx.o
                0x0000000008009a00                AHBPrescTable
 .rodata.APBPrescTable
                0x0000000008009a10        0x8 Core/Src/system_stm32l5xx.o
                0x0000000008009a10                APBPrescTable
 .rodata.MSIRangeTable
                0x0000000008009a18       0x40 Core/Src/system_stm32l5xx.o
                0x0000000008009a18                MSIRangeTable
 .rodata.LedGpioInit.13339
                0x0000000008009a58        0x4 Drivers/BSP/STM32L5xx_Nucleo/stm32l5xx_nucleo.o
 .rodata.ButtonGpioInit.13370
                0x0000000008009a5c        0x4 Drivers/BSP/STM32L5xx_Nucleo/stm32l5xx_nucleo.o
 .rodata.BUTTON_EXTI_LINE.13369
                0x0000000008009a60        0x4 Drivers/BSP/STM32L5xx_Nucleo/stm32l5xx_nucleo.o
 .rodata.ButtonCallback.13367
                0x0000000008009a64        0x4 Drivers/BSP/STM32L5xx_Nucleo/stm32l5xx_nucleo.o
 .rodata.BSP_BUTTON_PRIO.13368
                0x0000000008009a68        0x4 Drivers/BSP/STM32L5xx_Nucleo/stm32l5xx_nucleo.o
 .rodata.UARTPrescTable
                0x0000000008009a6c       0x18 Drivers/STM32L5xx_HAL_Driver/Src/stm32l5xx_hal_uart.o
                0x0000000008009a6c                UARTPrescTable
                0x0000000008009a84                . = ALIGN (0x4)

.ARM.extab      0x0000000008009a84        0x0
                0x0000000008009a84                . = ALIGN (0x4)
 *(.ARM.extab* .gnu.linkonce.armextab.*)
                0x0000000008009a84                . = ALIGN (0x4)

.ARM            0x0000000008009a84        0x8
                0x0000000008009a84                . = ALIGN (0x4)
                0x0000000008009a84                __exidx_start = .
 *(.ARM.exidx*)
 .ARM.exidx     0x0000000008009a84        0x8 c:/st/stm32cubeide_1.3.0/stm32cubeide/plugins/com.st.stm32cube.ide.mcu.externaltools.gnu-tools-for-stm32.7-2018-q2-update.win32_1.0.0.201904181610/tools/bin/../lib/gcc/arm-none-eabi/7.3.1/thumb/v8-m.main/fpv5-sp/hard\libgcc.a(_udivmoddi4.o)
                0x0000000008009a8c                __exidx_end = .
                0x0000000008009a8c                . = ALIGN (0x4)

.rel.dyn        0x0000000008009a8c        0x0
 .rel.iplt      0x0000000008009a8c        0x0 c:/st/stm32cubeide_1.3.0/stm32cubeide/plugins/com.st.stm32cube.ide.mcu.externaltools.gnu-tools-for-stm32.7-2018-q2-update.win32_1.0.0.201904181610/tools/bin/../lib/gcc/arm-none-eabi/7.3.1/thumb/v8-m.main/fpv5-sp/hard/crtbegin.o

.preinit_array  0x0000000008009a8c        0x0
                0x0000000008009a8c                . = ALIGN (0x4)
                0x0000000008009a8c                PROVIDE (__preinit_array_start = .)
 *(.preinit_array*)
                0x0000000008009a8c                PROVIDE (__preinit_array_end = .)
                0x0000000008009a8c                . = ALIGN (0x4)

.init_array     0x0000000008009a8c        0x4
                0x0000000008009a8c                . = ALIGN (0x4)
                0x0000000008009a8c                PROVIDE (__init_array_start = .)
 *(SORT_BY_NAME(.init_array.*))
 *(.init_array*)
 .init_array    0x0000000008009a8c        0x4 c:/st/stm32cubeide_1.3.0/stm32cubeide/plugins/com.st.stm32cube.ide.mcu.externaltools.gnu-tools-for-stm32.7-2018-q2-update.win32_1.0.0.201904181610/tools/bin/../lib/gcc/arm-none-eabi/7.3.1/thumb/v8-m.main/fpv5-sp/hard/crtbegin.o
                0x0000000008009a90                PROVIDE (__init_array_end = .)
                0x0000000008009a90                . = ALIGN (0x4)

.fini_array     0x0000000008009a90        0x4
                0x0000000008009a90                . = ALIGN (0x4)
                [!provide]                        PROVIDE (__fini_array_start = .)
 *(SORT_BY_NAME(.fini_array.*))
 *(.fini_array*)
 .fini_array    0x0000000008009a90        0x4 c:/st/stm32cubeide_1.3.0/stm32cubeide/plugins/com.st.stm32cube.ide.mcu.externaltools.gnu-tools-for-stm32.7-2018-q2-update.win32_1.0.0.201904181610/tools/bin/../lib/gcc/arm-none-eabi/7.3.1/thumb/v8-m.main/fpv5-sp/hard/crtbegin.o
                [!provide]                        PROVIDE (__fini_array_end = .)
                0x0000000008009a94                . = ALIGN (0x4)
                0x0000000008009a94                _sidata = LOADADDR (.data)

.data           0x0000000020000000       0x8c load address 0x0000000008009a94
                0x0000000020000000                . = ALIGN (0x4)
                0x0000000020000000                _sdata = .
 *(.data)
 *(.data*)
 .data.user_button_init_state
                0x0000000020000000        0x1 BlueNRG_MS/App/app_bluenrg_ms.o
 .data.set_connectable
                0x0000000020000001        0x1 BlueNRG_MS/App/sensor.o
                0x0000000020000001                set_connectable
 *fill*         0x0000000020000002        0x2 
 .data.SystemCoreClock
                0x0000000020000004        0x4 Core/Src/system_stm32l5xx.o
                0x0000000020000004                SystemCoreClock
 .data.LED_PORT
                0x0000000020000008        0x4 Drivers/BSP/STM32L5xx_Nucleo/stm32l5xx_nucleo.o
 .data.BUTTON_PORT
                0x000000002000000c        0x4 Drivers/BSP/STM32L5xx_Nucleo/stm32l5xx_nucleo.o
 .data.hpb_exti
                0x0000000020000010        0xc Drivers/BSP/STM32L5xx_Nucleo/stm32l5xx_nucleo.o
                0x0000000020000010                hpb_exti
 .data.COM_USART
                0x000000002000001c        0x4 Drivers/BSP/STM32L5xx_Nucleo/stm32l5xx_nucleo.o
                0x000000002000001c                COM_USART
 .data.uwTickPrio
                0x0000000020000020        0x4 Drivers/STM32L5xx_HAL_Driver/Src/stm32l5xx_hal.o
                0x0000000020000020                uwTickPrio
 .data.uwTickFreq
                0x0000000020000024        0x1 Drivers/STM32L5xx_HAL_Driver/Src/stm32l5xx_hal.o
                0x0000000020000024                uwTickFreq
 *fill*         0x0000000020000025        0x3 
 .data._impure_ptr
                0x0000000020000028        0x4 c:/st/stm32cubeide_1.3.0/stm32cubeide/plugins/com.st.stm32cube.ide.mcu.externaltools.gnu-tools-for-stm32.7-2018-q2-update.win32_1.0.0.201904181610/tools/bin/../lib/gcc/arm-none-eabi/7.3.1/../../../../arm-none-eabi/lib/thumb/v8-m.main/fpv5-sp/hard\libc_nano.a(lib_a-impure.o)
                0x0000000020000028                _impure_ptr
 .data.impure_data
                0x000000002000002c       0x60 c:/st/stm32cubeide_1.3.0/stm32cubeide/plugins/com.st.stm32cube.ide.mcu.externaltools.gnu-tools-for-stm32.7-2018-q2-update.win32_1.0.0.201904181610/tools/bin/../lib/gcc/arm-none-eabi/7.3.1/../../../../arm-none-eabi/lib/thumb/v8-m.main/fpv5-sp/hard\libc_nano.a(lib_a-impure.o)
                0x000000002000008c                . = ALIGN (0x4)
                0x000000002000008c                _edata = .

.igot.plt       0x000000002000008c        0x0 load address 0x0000000008009b20
 .igot.plt      0x000000002000008c        0x0 c:/st/stm32cubeide_1.3.0/stm32cubeide/plugins/com.st.stm32cube.ide.mcu.externaltools.gnu-tools-for-stm32.7-2018-q2-update.win32_1.0.0.201904181610/tools/bin/../lib/gcc/arm-none-eabi/7.3.1/thumb/v8-m.main/fpv5-sp/hard/crtbegin.o
                0x000000002000008c                . = ALIGN (0x4)

.bss            0x000000002000008c      0x9a8 load address 0x0000000008009b20
                0x000000002000008c                _sbss = .
                0x000000002000008c                __bss_start__ = _sbss
 *(.bss)
 .bss           0x000000002000008c       0x1c c:/st/stm32cubeide_1.3.0/stm32cubeide/plugins/com.st.stm32cube.ide.mcu.externaltools.gnu-tools-for-stm32.7-2018-q2-update.win32_1.0.0.201904181610/tools/bin/../lib/gcc/arm-none-eabi/7.3.1/thumb/v8-m.main/fpv5-sp/hard/crtbegin.o
 *(.bss*)
 .bss.bnrg_expansion_board
                0x00000000200000a8        0x1 BlueNRG_MS/App/app_bluenrg_ms.o
                0x00000000200000a8                bnrg_expansion_board
 .bss.user_button_pressed
                0x00000000200000a9        0x1 BlueNRG_MS/App/app_bluenrg_ms.o
 *fill*         0x00000000200000aa        0x2 
 .bss.counter.15670
                0x00000000200000ac        0x4 BlueNRG_MS/App/app_bluenrg_ms.o
 .bss.connection_handle
                0x00000000200000b0        0x2 BlueNRG_MS/App/sensor.o
                0x00000000200000b0                connection_handle
 .bss.notification_enabled
                0x00000000200000b2        0x1 BlueNRG_MS/App/sensor.o
                0x00000000200000b2                notification_enabled
 *fill*         0x00000000200000b3        0x1 
 .bss.connected
                0x00000000200000b4        0x4 BlueNRG_MS/App/sensor.o
                0x00000000200000b4                connected
 .bss.x_axes    0x00000000200000b8        0xc BlueNRG_MS/App/sensor.o
                0x00000000200000b8                x_axes
 .bss.g_axes    0x00000000200000c4        0xc BlueNRG_MS/App/sensor.o
                0x00000000200000c4                g_axes
 .bss.m_axes    0x00000000200000d0        0xc BlueNRG_MS/App/sensor.o
                0x00000000200000d0                m_axes
 .bss.q_axes    0x00000000200000dc        0xc BlueNRG_MS/App/sensor.o
                0x00000000200000dc                q_axes
 .bss.read_char_buf.10901
                0x00000000200000e8       0xff BlueNRG_MS/Target/hci_tl_interface.o
 *fill*         0x00000000200001e7        0x1 
 .bss.SPI1InitCounter
                0x00000000200001e8        0x4 Core/Src/stm32l5xx_nucleo_bus.o
 .bss.__sbrk_heap_end
                0x00000000200001ec        0x4 Core/Src/sysmem.o
 .bss.hciReadPacketBuffer
                0x00000000200001f0      0x2bc Middlewares/ST/BlueNRG-MS/hci/hci_tl_patterns/Basic/hci_tl.o
 .bss.hciContext
                0x00000000200004ac       0x20 Middlewares/ST/BlueNRG-MS/hci/hci_tl_patterns/Basic/hci_tl.o
 .bss.__malloc_free_list
                0x00000000200004cc        0x4 c:/st/stm32cubeide_1.3.0/stm32cubeide/plugins/com.st.stm32cube.ide.mcu.externaltools.gnu-tools-for-stm32.7-2018-q2-update.win32_1.0.0.201904181610/tools/bin/../lib/gcc/arm-none-eabi/7.3.1/../../../../arm-none-eabi/lib/thumb/v8-m.main/fpv5-sp/hard\libc_nano.a(lib_a-nano-mallocr.o)
                0x00000000200004cc                __malloc_free_list
 .bss.__malloc_sbrk_start
                0x00000000200004d0        0x4 c:/st/stm32cubeide_1.3.0/stm32cubeide/plugins/com.st.stm32cube.ide.mcu.externaltools.gnu-tools-for-stm32.7-2018-q2-update.win32_1.0.0.201904181610/tools/bin/../lib/gcc/arm-none-eabi/7.3.1/../../../../arm-none-eabi/lib/thumb/v8-m.main/fpv5-sp/hard\libc_nano.a(lib_a-nano-mallocr.o)
                0x00000000200004d0                __malloc_sbrk_start
 *(COMMON)
 COMMON         0x00000000200004d4        0x6 BlueNRG_MS/App/app_bluenrg_ms.o
                0x00000000200004d4                bdaddr
 *fill*         0x00000000200004da        0x2 
 COMMON         0x00000000200004dc       0x2c BlueNRG_MS/App/gatt_db.o
                0x00000000200004dc                EnvironmentalCharHandle
                0x00000000200004de                QuaternionsCharHandle
                0x00000000200004e0                char_uuid
                0x00000000200004f0                SWServW2STHandle
                0x00000000200004f2                HWServW2STHandle
                0x00000000200004f4                AccGyroMagCharHandle
                0x00000000200004f8                service_uuid
 COMMON         0x0000000020000508        0xc BlueNRG_MS/Target/hci_tl_interface.o
                0x0000000020000508                hexti3
 COMMON         0x0000000020000514      0x414 Core/Src/main.o
                0x0000000020000514                hlpuart1
                0x00000000200005a4                hadc1
                0x000000002000060c                hrtc
                0x0000000020000634                hpcd_USB_FS
 COMMON         0x0000000020000928       0x64 Core/Src/stm32l5xx_nucleo_bus.o
                0x0000000020000928                hspi1
 COMMON         0x000000002000098c       0x90 Drivers/BSP/STM32L5xx_Nucleo/stm32l5xx_nucleo.o
                0x000000002000098c                hcom_uart
 COMMON         0x0000000020000a1c        0x4 Drivers/STM32L5xx_HAL_Driver/Src/stm32l5xx_hal.o
                0x0000000020000a1c                uwTick
 COMMON         0x0000000020000a20       0x10 Middlewares/ST/BlueNRG-MS/hci/hci_tl_patterns/Basic/hci_tl.o
                0x0000000020000a20                hciReadPktPool
                0x0000000020000a28                hciReadPktRxQueue
 COMMON         0x0000000020000a30        0x4 c:/st/stm32cubeide_1.3.0/stm32cubeide/plugins/com.st.stm32cube.ide.mcu.externaltools.gnu-tools-for-stm32.7-2018-q2-update.win32_1.0.0.201904181610/tools/bin/../lib/gcc/arm-none-eabi/7.3.1/../../../../arm-none-eabi/lib/thumb/v8-m.main/fpv5-sp/hard\libc_nano.a(lib_a-reent.o)
                0x0000000020000a30                errno
                0x0000000020000a34                . = ALIGN (0x4)
                0x0000000020000a34                _ebss = .
                0x0000000020000a34                __bss_end__ = _ebss

._user_heap_stack
                0x0000000020000a34      0x604 load address 0x0000000008009b20
                0x0000000020000a38                . = ALIGN (0x8)
 *fill*         0x0000000020000a34        0x4 
                [!provide]                        PROVIDE (end = .)
                0x0000000020000a38                PROVIDE (_end = .)
                0x0000000020000c38                . = (. + _Min_Heap_Size)
 *fill*         0x0000000020000a38      0x200 
                0x0000000020001038                . = (. + _Min_Stack_Size)
 *fill*         0x0000000020000c38      0x400 
                0x0000000020001038                . = ALIGN (0x8)

/DISCARD/
 libc.a(*)
 libm.a(*)
 libgcc.a(*)

.ARM.attributes
                0x0000000000000000       0x36
 *(.ARM.attributes)
 .ARM.attributes
                0x0000000000000000       0x26 c:/st/stm32cubeide_1.3.0/stm32cubeide/plugins/com.st.stm32cube.ide.mcu.externaltools.gnu-tools-for-stm32.7-2018-q2-update.win32_1.0.0.201904181610/tools/bin/../lib/gcc/arm-none-eabi/7.3.1/thumb/v8-m.main/fpv5-sp/hard/crti.o
 .ARM.attributes
                0x0000000000000026       0x38 c:/st/stm32cubeide_1.3.0/stm32cubeide/plugins/com.st.stm32cube.ide.mcu.externaltools.gnu-tools-for-stm32.7-2018-q2-update.win32_1.0.0.201904181610/tools/bin/../lib/gcc/arm-none-eabi/7.3.1/thumb/v8-m.main/fpv5-sp/hard/crtbegin.o
 .ARM.attributes
                0x000000000000005e       0x3c BlueNRG_MS/App/app_bluenrg_ms.o
 .ARM.attributes
                0x000000000000009a       0x3c BlueNRG_MS/App/gatt_db.o
 .ARM.attributes
                0x00000000000000d6       0x3c BlueNRG_MS/App/sensor.o
 .ARM.attributes
                0x0000000000000112       0x3c BlueNRG_MS/Target/hci_tl_interface.o
 .ARM.attributes
                0x000000000000014e       0x3c Core/Src/main.o
 .ARM.attributes
                0x000000000000018a       0x3c Core/Src/stm32l5xx_hal_msp.o
 .ARM.attributes
                0x00000000000001c6       0x3c Core/Src/stm32l5xx_it.o
 .ARM.attributes
                0x0000000000000202       0x3c Core/Src/stm32l5xx_nucleo_bus.o
 .ARM.attributes
                0x000000000000023e       0x3c Core/Src/sysmem.o
 .ARM.attributes
                0x000000000000027a       0x3c Core/Src/system_stm32l5xx.o
 .ARM.attributes
                0x00000000000002b6       0x24 Core/Startup/startup_stm32l552zetxq.o
 .ARM.attributes
                0x00000000000002da       0x3c Drivers/BSP/STM32L5xx_Nucleo/stm32l5xx_nucleo.o
 .ARM.attributes
                0x0000000000000316       0x3c Drivers/STM32L5xx_HAL_Driver/Src/stm32l5xx_hal.o
 .ARM.attributes
                0x0000000000000352       0x3c Drivers/STM32L5xx_HAL_Driver/Src/stm32l5xx_hal_adc.o
 .ARM.attributes
                0x000000000000038e       0x3c Drivers/STM32L5xx_HAL_Driver/Src/stm32l5xx_hal_adc_ex.o
 .ARM.attributes
                0x00000000000003ca       0x3c Drivers/STM32L5xx_HAL_Driver/Src/stm32l5xx_hal_cortex.o
 .ARM.attributes
                0x0000000000000406       0x3c Drivers/STM32L5xx_HAL_Driver/Src/stm32l5xx_hal_exti.o
 .ARM.attributes
                0x0000000000000442       0x3c Drivers/STM32L5xx_HAL_Driver/Src/stm32l5xx_hal_gpio.o
 .ARM.attributes
                0x000000000000047e       0x3c Drivers/STM32L5xx_HAL_Driver/Src/stm32l5xx_hal_pcd.o
 .ARM.attributes
                0x00000000000004ba       0x3c Drivers/STM32L5xx_HAL_Driver/Src/stm32l5xx_hal_pcd_ex.o
 .ARM.attributes
                0x00000000000004f6       0x3c Drivers/STM32L5xx_HAL_Driver/Src/stm32l5xx_hal_pwr.o
 .ARM.attributes
                0x0000000000000532       0x3c Drivers/STM32L5xx_HAL_Driver/Src/stm32l5xx_hal_pwr_ex.o
 .ARM.attributes
                0x000000000000056e       0x3c Drivers/STM32L5xx_HAL_Driver/Src/stm32l5xx_hal_rcc.o
 .ARM.attributes
                0x00000000000005aa       0x3c Drivers/STM32L5xx_HAL_Driver/Src/stm32l5xx_hal_rcc_ex.o
 .ARM.attributes
                0x00000000000005e6       0x3c Drivers/STM32L5xx_HAL_Driver/Src/stm32l5xx_hal_rtc.o
 .ARM.attributes
                0x0000000000000622       0x3c Drivers/STM32L5xx_HAL_Driver/Src/stm32l5xx_hal_rtc_ex.o
 .ARM.attributes
                0x000000000000065e       0x3c Drivers/STM32L5xx_HAL_Driver/Src/stm32l5xx_hal_spi.o
 .ARM.attributes
                0x000000000000069a       0x3c Drivers/STM32L5xx_HAL_Driver/Src/stm32l5xx_hal_uart.o
 .ARM.attributes
                0x00000000000006d6       0x3c Drivers/STM32L5xx_HAL_Driver/Src/stm32l5xx_hal_uart_ex.o
 .ARM.attributes
                0x0000000000000712       0x3c Drivers/STM32L5xx_HAL_Driver/Src/stm32l5xx_ll_gpio.o
 .ARM.attributes
                0x000000000000074e       0x3c Drivers/STM32L5xx_HAL_Driver/Src/stm32l5xx_ll_usb.o
 .ARM.attributes
                0x000000000000078a       0x3c Middlewares/ST/BlueNRG-MS/hci/controller/bluenrg_gap_aci.o
 .ARM.attributes
                0x00000000000007c6       0x3c Middlewares/ST/BlueNRG-MS/hci/controller/bluenrg_gatt_aci.o
 .ARM.attributes
                0x0000000000000802       0x3c Middlewares/ST/BlueNRG-MS/hci/controller/bluenrg_hal_aci.o
 .ARM.attributes
                0x000000000000083e       0x3c Middlewares/ST/BlueNRG-MS/hci/controller/bluenrg_utils_small.o
 .ARM.attributes
                0x000000000000087a       0x3c Middlewares/ST/BlueNRG-MS/hci/hci_le.o
 .ARM.attributes
                0x00000000000008b6       0x3c Middlewares/ST/BlueNRG-MS/hci/hci_tl_patterns/Basic/hci_tl.o
 .ARM.attributes
                0x00000000000008f2       0x3c Middlewares/ST/BlueNRG-MS/utils/ble_list.o
 .ARM.attributes
                0x000000000000092e       0x38 c:/st/stm32cubeide_1.3.0/stm32cubeide/plugins/com.st.stm32cube.ide.mcu.externaltools.gnu-tools-for-stm32.7-2018-q2-update.win32_1.0.0.201904181610/tools/bin/../lib/gcc/arm-none-eabi/7.3.1/../../../../arm-none-eabi/lib/thumb/v8-m.main/fpv5-sp/hard\libc_nano.a(lib_a-errno.o)
 .ARM.attributes
                0x0000000000000966       0x38 c:/st/stm32cubeide_1.3.0/stm32cubeide/plugins/com.st.stm32cube.ide.mcu.externaltools.gnu-tools-for-stm32.7-2018-q2-update.win32_1.0.0.201904181610/tools/bin/../lib/gcc/arm-none-eabi/7.3.1/../../../../arm-none-eabi/lib/thumb/v8-m.main/fpv5-sp/hard\libc_nano.a(lib_a-impure.o)
 .ARM.attributes
                0x000000000000099e       0x38 c:/st/stm32cubeide_1.3.0/stm32cubeide/plugins/com.st.stm32cube.ide.mcu.externaltools.gnu-tools-for-stm32.7-2018-q2-update.win32_1.0.0.201904181610/tools/bin/../lib/gcc/arm-none-eabi/7.3.1/../../../../arm-none-eabi/lib/thumb/v8-m.main/fpv5-sp/hard\libc_nano.a(lib_a-init.o)
 .ARM.attributes
                0x00000000000009d6       0x38 c:/st/stm32cubeide_1.3.0/stm32cubeide/plugins/com.st.stm32cube.ide.mcu.externaltools.gnu-tools-for-stm32.7-2018-q2-update.win32_1.0.0.201904181610/tools/bin/../lib/gcc/arm-none-eabi/7.3.1/../../../../arm-none-eabi/lib/thumb/v8-m.main/fpv5-sp/hard\libc_nano.a(lib_a-memcpy-stub.o)
 .ARM.attributes
                0x0000000000000a0e       0x38 c:/st/stm32cubeide_1.3.0/stm32cubeide/plugins/com.st.stm32cube.ide.mcu.externaltools.gnu-tools-for-stm32.7-2018-q2-update.win32_1.0.0.201904181610/tools/bin/../lib/gcc/arm-none-eabi/7.3.1/../../../../arm-none-eabi/lib/thumb/v8-m.main/fpv5-sp/hard\libc_nano.a(lib_a-memset.o)
 .ARM.attributes
                0x0000000000000a46       0x38 c:/st/stm32cubeide_1.3.0/stm32cubeide/plugins/com.st.stm32cube.ide.mcu.externaltools.gnu-tools-for-stm32.7-2018-q2-update.win32_1.0.0.201904181610/tools/bin/../lib/gcc/arm-none-eabi/7.3.1/../../../../arm-none-eabi/lib/thumb/v8-m.main/fpv5-sp/hard\libc_nano.a(lib_a-rand.o)
 .ARM.attributes
                0x0000000000000a7e       0x1b c:/st/stm32cubeide_1.3.0/stm32cubeide/plugins/com.st.stm32cube.ide.mcu.externaltools.gnu-tools-for-stm32.7-2018-q2-update.win32_1.0.0.201904181610/tools/bin/../lib/gcc/arm-none-eabi/7.3.1/../../../../arm-none-eabi/lib/thumb/v8-m.main/fpv5-sp/hard\libc_nano.a(lib_a-strlen.o)
 .ARM.attributes
                0x0000000000000a99       0x38 c:/st/stm32cubeide_1.3.0/stm32cubeide/plugins/com.st.stm32cube.ide.mcu.externaltools.gnu-tools-for-stm32.7-2018-q2-update.win32_1.0.0.201904181610/tools/bin/../lib/gcc/arm-none-eabi/7.3.1/../../../../arm-none-eabi/lib/thumb/v8-m.main/fpv5-sp/hard\libc_nano.a(lib_a-malloc.o)
 .ARM.attributes
                0x0000000000000ad1       0x38 c:/st/stm32cubeide_1.3.0/stm32cubeide/plugins/com.st.stm32cube.ide.mcu.externaltools.gnu-tools-for-stm32.7-2018-q2-update.win32_1.0.0.201904181610/tools/bin/../lib/gcc/arm-none-eabi/7.3.1/../../../../arm-none-eabi/lib/thumb/v8-m.main/fpv5-sp/hard\libc_nano.a(lib_a-nano-mallocr.o)
 .ARM.attributes
                0x0000000000000b09       0x38 c:/st/stm32cubeide_1.3.0/stm32cubeide/plugins/com.st.stm32cube.ide.mcu.externaltools.gnu-tools-for-stm32.7-2018-q2-update.win32_1.0.0.201904181610/tools/bin/../lib/gcc/arm-none-eabi/7.3.1/../../../../arm-none-eabi/lib/thumb/v8-m.main/fpv5-sp/hard\libc_nano.a(lib_a-sbrkr.o)
 .ARM.attributes
                0x0000000000000b41       0x38 c:/st/stm32cubeide_1.3.0/stm32cubeide/plugins/com.st.stm32cube.ide.mcu.externaltools.gnu-tools-for-stm32.7-2018-q2-update.win32_1.0.0.201904181610/tools/bin/../lib/gcc/arm-none-eabi/7.3.1/../../../../arm-none-eabi/lib/thumb/v8-m.main/fpv5-sp/hard\libc_nano.a(lib_a-mlock.o)
 .ARM.attributes
                0x0000000000000b79       0x38 c:/st/stm32cubeide_1.3.0/stm32cubeide/plugins/com.st.stm32cube.ide.mcu.externaltools.gnu-tools-for-stm32.7-2018-q2-update.win32_1.0.0.201904181610/tools/bin/../lib/gcc/arm-none-eabi/7.3.1/../../../../arm-none-eabi/lib/thumb/v8-m.main/fpv5-sp/hard\libc_nano.a(lib_a-reent.o)
 .ARM.attributes
                0x0000000000000bb1       0x26 c:/st/stm32cubeide_1.3.0/stm32cubeide/plugins/com.st.stm32cube.ide.mcu.externaltools.gnu-tools-for-stm32.7-2018-q2-update.win32_1.0.0.201904181610/tools/bin/../lib/gcc/arm-none-eabi/7.3.1/thumb/v8-m.main/fpv5-sp/hard\libgcc.a(_arm_addsubdf3.o)
 .ARM.attributes
                0x0000000000000bd7       0x26 c:/st/stm32cubeide_1.3.0/stm32cubeide/plugins/com.st.stm32cube.ide.mcu.externaltools.gnu-tools-for-stm32.7-2018-q2-update.win32_1.0.0.201904181610/tools/bin/../lib/gcc/arm-none-eabi/7.3.1/thumb/v8-m.main/fpv5-sp/hard\libgcc.a(_arm_truncdfsf2.o)
 .ARM.attributes
                0x0000000000000bfd       0x26 c:/st/stm32cubeide_1.3.0/stm32cubeide/plugins/com.st.stm32cube.ide.mcu.externaltools.gnu-tools-for-stm32.7-2018-q2-update.win32_1.0.0.201904181610/tools/bin/../lib/gcc/arm-none-eabi/7.3.1/thumb/v8-m.main/fpv5-sp/hard\libgcc.a(_aeabi_uldivmod.o)
 .ARM.attributes
                0x0000000000000c23       0x38 c:/st/stm32cubeide_1.3.0/stm32cubeide/plugins/com.st.stm32cube.ide.mcu.externaltools.gnu-tools-for-stm32.7-2018-q2-update.win32_1.0.0.201904181610/tools/bin/../lib/gcc/arm-none-eabi/7.3.1/thumb/v8-m.main/fpv5-sp/hard\libgcc.a(_udivmoddi4.o)
 .ARM.attributes
                0x0000000000000c5b       0x26 c:/st/stm32cubeide_1.3.0/stm32cubeide/plugins/com.st.stm32cube.ide.mcu.externaltools.gnu-tools-for-stm32.7-2018-q2-update.win32_1.0.0.201904181610/tools/bin/../lib/gcc/arm-none-eabi/7.3.1/thumb/v8-m.main/fpv5-sp/hard\libgcc.a(_dvmd_tls.o)
 .ARM.attributes
                0x0000000000000c81       0x26 c:/st/stm32cubeide_1.3.0/stm32cubeide/plugins/com.st.stm32cube.ide.mcu.externaltools.gnu-tools-for-stm32.7-2018-q2-update.win32_1.0.0.201904181610/tools/bin/../lib/gcc/arm-none-eabi/7.3.1/thumb/v8-m.main/fpv5-sp/hard/crtn.o
OUTPUT(BluetoothExample.elf elf32-littlearm)

.debug_info     0x0000000000000000    0x30ff7
 .debug_info    0x0000000000000000     0x183b BlueNRG_MS/App/app_bluenrg_ms.o
 .debug_info    0x000000000000183b      0xe2b BlueNRG_MS/App/gatt_db.o
 .debug_info    0x0000000000002666     0x14ec BlueNRG_MS/App/sensor.o
 .debug_info    0x0000000000003b52     0x19f6 BlueNRG_MS/Target/hci_tl_interface.o
 .debug_info    0x0000000000005548     0x2294 Core/Src/main.o
 .debug_info    0x00000000000077dc     0x1f1b Core/Src/stm32l5xx_hal_msp.o
 .debug_info    0x00000000000096f7      0xc85 Core/Src/stm32l5xx_it.o
 .debug_info    0x000000000000a37c      0xe65 Core/Src/stm32l5xx_nucleo_bus.o
 .debug_info    0x000000000000b1e1      0x985 Core/Src/sysmem.o
 .debug_info    0x000000000000bb66      0x8d8 Core/Src/system_stm32l5xx.o
 .debug_info    0x000000000000c43e       0x22 Core/Startup/startup_stm32l552zetxq.o
 .debug_info    0x000000000000c460     0x197f Drivers/BSP/STM32L5xx_Nucleo/stm32l5xx_nucleo.o
 .debug_info    0x000000000000dddf      0xdb8 Drivers/STM32L5xx_HAL_Driver/Src/stm32l5xx_hal.o
 .debug_info    0x000000000000eb97     0x1fdf Drivers/STM32L5xx_HAL_Driver/Src/stm32l5xx_hal_adc.o
 .debug_info    0x0000000000010b76     0x1d59 Drivers/STM32L5xx_HAL_Driver/Src/stm32l5xx_hal_adc_ex.o
 .debug_info    0x00000000000128cf      0xf18 Drivers/STM32L5xx_HAL_Driver/Src/stm32l5xx_hal_cortex.o
 .debug_info    0x00000000000137e7      0x998 Drivers/STM32L5xx_HAL_Driver/Src/stm32l5xx_hal_exti.o
 .debug_info    0x000000000001417f      0x7c2 Drivers/STM32L5xx_HAL_Driver/Src/stm32l5xx_hal_gpio.o
 .debug_info    0x0000000000014941     0x1283 Drivers/STM32L5xx_HAL_Driver/Src/stm32l5xx_hal_pcd.o
 .debug_info    0x0000000000015bc4      0x97e Drivers/STM32L5xx_HAL_Driver/Src/stm32l5xx_hal_pcd_ex.o
 .debug_info    0x0000000000016542      0xdda Drivers/STM32L5xx_HAL_Driver/Src/stm32l5xx_hal_pwr.o
 .debug_info    0x000000000001731c      0xee7 Drivers/STM32L5xx_HAL_Driver/Src/stm32l5xx_hal_pwr_ex.o
 .debug_info    0x0000000000018203     0x1035 Drivers/STM32L5xx_HAL_Driver/Src/stm32l5xx_hal_rcc.o
 .debug_info    0x0000000000019238     0x122e Drivers/STM32L5xx_HAL_Driver/Src/stm32l5xx_hal_rcc_ex.o
 .debug_info    0x000000000001a466     0x1026 Drivers/STM32L5xx_HAL_Driver/Src/stm32l5xx_hal_rtc.o
 .debug_info    0x000000000001b48c     0x1a43 Drivers/STM32L5xx_HAL_Driver/Src/stm32l5xx_hal_rtc_ex.o
 .debug_info    0x000000000001cecf     0x1860 Drivers/STM32L5xx_HAL_Driver/Src/stm32l5xx_hal_spi.o
 .debug_info    0x000000000001e72f     0x1ca8 Drivers/STM32L5xx_HAL_Driver/Src/stm32l5xx_hal_uart.o
 .debug_info    0x00000000000203d7      0xe0f Drivers/STM32L5xx_HAL_Driver/Src/stm32l5xx_hal_uart_ex.o
 .debug_info    0x00000000000211e6      0xc8e Drivers/STM32L5xx_HAL_Driver/Src/stm32l5xx_ll_gpio.o
 .debug_info    0x0000000000021e74     0x19b3 Drivers/STM32L5xx_HAL_Driver/Src/stm32l5xx_ll_usb.o
 .debug_info    0x0000000000023827     0x30ab Middlewares/ST/BlueNRG-MS/hci/controller/bluenrg_gap_aci.o
 .debug_info    0x00000000000268d2     0x3222 Middlewares/ST/BlueNRG-MS/hci/controller/bluenrg_gatt_aci.o
 .debug_info    0x0000000000029af4     0x15e7 Middlewares/ST/BlueNRG-MS/hci/controller/bluenrg_hal_aci.o
 .debug_info    0x000000000002b0db     0x123b Middlewares/ST/BlueNRG-MS/hci/controller/bluenrg_utils_small.o
 .debug_info    0x000000000002c316     0x2490 Middlewares/ST/BlueNRG-MS/hci/hci_le.o
 .debug_info    0x000000000002e7a6     0x1714 Middlewares/ST/BlueNRG-MS/hci/hci_tl_patterns/Basic/hci_tl.o
 .debug_info    0x000000000002feba     0x113d Middlewares/ST/BlueNRG-MS/utils/ble_list.o

.debug_abbrev   0x0000000000000000     0x5112
 .debug_abbrev  0x0000000000000000      0x279 BlueNRG_MS/App/app_bluenrg_ms.o
 .debug_abbrev  0x0000000000000279      0x27e BlueNRG_MS/App/gatt_db.o
 .debug_abbrev  0x00000000000004f7      0x240 BlueNRG_MS/App/sensor.o
 .debug_abbrev  0x0000000000000737      0x295 BlueNRG_MS/Target/hci_tl_interface.o
 .debug_abbrev  0x00000000000009cc      0x2a2 Core/Src/main.o
 .debug_abbrev  0x0000000000000c6e      0x21d Core/Src/stm32l5xx_hal_msp.o
 .debug_abbrev  0x0000000000000e8b      0x16e Core/Src/stm32l5xx_it.o
 .debug_abbrev  0x0000000000000ff9      0x243 Core/Src/stm32l5xx_nucleo_bus.o
 .debug_abbrev  0x000000000000123c      0x19b Core/Src/sysmem.o
 .debug_abbrev  0x00000000000013d7      0x156 Core/Src/system_stm32l5xx.o
 .debug_abbrev  0x000000000000152d       0x12 Core/Startup/startup_stm32l552zetxq.o
 .debug_abbrev  0x000000000000153f      0x2e6 Drivers/BSP/STM32L5xx_Nucleo/stm32l5xx_nucleo.o
 .debug_abbrev  0x0000000000001825      0x267 Drivers/STM32L5xx_HAL_Driver/Src/stm32l5xx_hal.o
 .debug_abbrev  0x0000000000001a8c      0x25d Drivers/STM32L5xx_HAL_Driver/Src/stm32l5xx_hal_adc.o
 .debug_abbrev  0x0000000000001ce9      0x27d Drivers/STM32L5xx_HAL_Driver/Src/stm32l5xx_hal_adc_ex.o
 .debug_abbrev  0x0000000000001f66      0x2f1 Drivers/STM32L5xx_HAL_Driver/Src/stm32l5xx_hal_cortex.o
 .debug_abbrev  0x0000000000002257      0x191 Drivers/STM32L5xx_HAL_Driver/Src/stm32l5xx_hal_exti.o
 .debug_abbrev  0x00000000000023e8      0x1b7 Drivers/STM32L5xx_HAL_Driver/Src/stm32l5xx_hal_gpio.o
 .debug_abbrev  0x000000000000259f      0x268 Drivers/STM32L5xx_HAL_Driver/Src/stm32l5xx_hal_pcd.o
 .debug_abbrev  0x0000000000002807      0x1eb Drivers/STM32L5xx_HAL_Driver/Src/stm32l5xx_hal_pcd_ex.o
 .debug_abbrev  0x00000000000029f2      0x1b6 Drivers/STM32L5xx_HAL_Driver/Src/stm32l5xx_hal_pwr.o
 .debug_abbrev  0x0000000000002ba8      0x24f Drivers/STM32L5xx_HAL_Driver/Src/stm32l5xx_hal_pwr_ex.o
 .debug_abbrev  0x0000000000002df7      0x270 Drivers/STM32L5xx_HAL_Driver/Src/stm32l5xx_hal_rcc.o
 .debug_abbrev  0x0000000000003067      0x254 Drivers/STM32L5xx_HAL_Driver/Src/stm32l5xx_hal_rcc_ex.o
 .debug_abbrev  0x00000000000032bb      0x1d1 Drivers/STM32L5xx_HAL_Driver/Src/stm32l5xx_hal_rtc.o
 .debug_abbrev  0x000000000000348c      0x1ed Drivers/STM32L5xx_HAL_Driver/Src/stm32l5xx_hal_rtc_ex.o
 .debug_abbrev  0x0000000000003679      0x228 Drivers/STM32L5xx_HAL_Driver/Src/stm32l5xx_hal_spi.o
 .debug_abbrev  0x00000000000038a1      0x23e Drivers/STM32L5xx_HAL_Driver/Src/stm32l5xx_hal_uart.o
 .debug_abbrev  0x0000000000003adf      0x1e2 Drivers/STM32L5xx_HAL_Driver/Src/stm32l5xx_hal_uart_ex.o
 .debug_abbrev  0x0000000000003cc1      0x241 Drivers/STM32L5xx_HAL_Driver/Src/stm32l5xx_ll_gpio.o
 .debug_abbrev  0x0000000000003f02      0x231 Drivers/STM32L5xx_HAL_Driver/Src/stm32l5xx_ll_usb.o
 .debug_abbrev  0x0000000000004133      0x236 Middlewares/ST/BlueNRG-MS/hci/controller/bluenrg_gap_aci.o
 .debug_abbrev  0x0000000000004369      0x23b Middlewares/ST/BlueNRG-MS/hci/controller/bluenrg_gatt_aci.o
 .debug_abbrev  0x00000000000045a4      0x205 Middlewares/ST/BlueNRG-MS/hci/controller/bluenrg_hal_aci.o
 .debug_abbrev  0x00000000000047a9      0x1c2 Middlewares/ST/BlueNRG-MS/hci/controller/bluenrg_utils_small.o
 .debug_abbrev  0x000000000000496b      0x245 Middlewares/ST/BlueNRG-MS/hci/hci_le.o
 .debug_abbrev  0x0000000000004bb0      0x2e0 Middlewares/ST/BlueNRG-MS/hci/hci_tl_patterns/Basic/hci_tl.o
 .debug_abbrev  0x0000000000004e90      0x282 Middlewares/ST/BlueNRG-MS/utils/ble_list.o

.debug_aranges  0x0000000000000000     0x1eb8
 .debug_aranges
                0x0000000000000000       0x58 BlueNRG_MS/App/app_bluenrg_ms.o
 .debug_aranges
                0x0000000000000058       0x48 BlueNRG_MS/App/gatt_db.o
 .debug_aranges
                0x00000000000000a0       0x38 BlueNRG_MS/App/sensor.o
 .debug_aranges
                0x00000000000000d8       0x58 BlueNRG_MS/Target/hci_tl_interface.o
 .debug_aranges
                0x0000000000000130       0x70 Core/Src/main.o
 .debug_aranges
                0x00000000000001a0       0x60 Core/Src/stm32l5xx_hal_msp.o
 .debug_aranges
                0x0000000000000200       0x70 Core/Src/stm32l5xx_it.o
 .debug_aranges
                0x0000000000000270       0x60 Core/Src/stm32l5xx_nucleo_bus.o
 .debug_aranges
                0x00000000000002d0       0x20 Core/Src/sysmem.o
 .debug_aranges
                0x00000000000002f0       0x28 Core/Src/system_stm32l5xx.o
 .debug_aranges
                0x0000000000000318       0x28 Core/Startup/startup_stm32l552zetxq.o
 .debug_aranges
                0x0000000000000340       0xc8 Drivers/BSP/STM32L5xx_Nucleo/stm32l5xx_nucleo.o
 .debug_aranges
                0x0000000000000408      0x130 Drivers/STM32L5xx_HAL_Driver/Src/stm32l5xx_hal.o
 .debug_aranges
                0x0000000000000538      0x228 Drivers/STM32L5xx_HAL_Driver/Src/stm32l5xx_hal_adc.o
 .debug_aranges
                0x0000000000000760      0x1b0 Drivers/STM32L5xx_HAL_Driver/Src/stm32l5xx_hal_adc_ex.o
 .debug_aranges
                0x0000000000000910      0x100 Drivers/STM32L5xx_HAL_Driver/Src/stm32l5xx_hal_cortex.o
 .debug_aranges
                0x0000000000000a10       0x70 Drivers/STM32L5xx_HAL_Driver/Src/stm32l5xx_hal_exti.o
 .debug_aranges
                0x0000000000000a80       0x60 Drivers/STM32L5xx_HAL_Driver/Src/stm32l5xx_hal_gpio.o
 .debug_aranges
                0x0000000000000ae0      0x130 Drivers/STM32L5xx_HAL_Driver/Src/stm32l5xx_hal_pcd.o
 .debug_aranges
                0x0000000000000c10       0x58 Drivers/STM32L5xx_HAL_Driver/Src/stm32l5xx_hal_pcd_ex.o
 .debug_aranges
                0x0000000000000c68       0xa8 Drivers/STM32L5xx_HAL_Driver/Src/stm32l5xx_hal_pwr.o
 .debug_aranges
                0x0000000000000d10      0x1b8 Drivers/STM32L5xx_HAL_Driver/Src/stm32l5xx_hal_pwr_ex.o
 .debug_aranges
                0x0000000000000ec8       0xa0 Drivers/STM32L5xx_HAL_Driver/Src/stm32l5xx_hal_rcc.o
 .debug_aranges
                0x0000000000000f68      0x118 Drivers/STM32L5xx_HAL_Driver/Src/stm32l5xx_hal_rcc_ex.o
 .debug_aranges
                0x0000000000001080       0xc0 Drivers/STM32L5xx_HAL_Driver/Src/stm32l5xx_hal_rtc.o
 .debug_aranges
                0x0000000000001140      0x1f0 Drivers/STM32L5xx_HAL_Driver/Src/stm32l5xx_hal_rtc_ex.o
 .debug_aranges
                0x0000000000001330      0x1d8 Drivers/STM32L5xx_HAL_Driver/Src/stm32l5xx_hal_spi.o
 .debug_aranges
                0x0000000000001508      0x248 Drivers/STM32L5xx_HAL_Driver/Src/stm32l5xx_hal_uart.o
 .debug_aranges
                0x0000000000001750       0xa0 Drivers/STM32L5xx_HAL_Driver/Src/stm32l5xx_hal_uart_ex.o
 .debug_aranges
                0x00000000000017f0       0x70 Drivers/STM32L5xx_HAL_Driver/Src/stm32l5xx_ll_gpio.o
 .debug_aranges
                0x0000000000001860      0x108 Drivers/STM32L5xx_HAL_Driver/Src/stm32l5xx_ll_usb.o
 .debug_aranges
                0x0000000000001968      0x168 Middlewares/ST/BlueNRG-MS/hci/controller/bluenrg_gap_aci.o
 .debug_aranges
                0x0000000000001ad0      0x178 Middlewares/ST/BlueNRG-MS/hci/controller/bluenrg_gatt_aci.o
 .debug_aranges
                0x0000000000001c48       0x68 Middlewares/ST/BlueNRG-MS/hci/controller/bluenrg_hal_aci.o
 .debug_aranges
                0x0000000000001cb0       0x20 Middlewares/ST/BlueNRG-MS/hci/controller/bluenrg_utils_small.o
 .debug_aranges
                0x0000000000001cd0      0x110 Middlewares/ST/BlueNRG-MS/hci/hci_le.o
 .debug_aranges
                0x0000000000001de0       0x60 Middlewares/ST/BlueNRG-MS/hci/hci_tl_patterns/Basic/hci_tl.o
 .debug_aranges
                0x0000000000001e40       0x78 Middlewares/ST/BlueNRG-MS/utils/ble_list.o

.debug_ranges   0x0000000000000000     0x1cd8
 .debug_ranges  0x0000000000000000       0x48 BlueNRG_MS/App/app_bluenrg_ms.o
 .debug_ranges  0x0000000000000048       0x38 BlueNRG_MS/App/gatt_db.o
 .debug_ranges  0x0000000000000080       0x58 BlueNRG_MS/App/sensor.o
 .debug_ranges  0x00000000000000d8       0x48 BlueNRG_MS/Target/hci_tl_interface.o
 .debug_ranges  0x0000000000000120       0x60 Core/Src/main.o
 .debug_ranges  0x0000000000000180       0x50 Core/Src/stm32l5xx_hal_msp.o